Archive member included to satisfy reference by file (symbol)

c:/st/stm32cubeide_1.7.0/stm32cubeide/plugins/com.st.stm32cube.ide.mcu.externaltools.gnu-tools-for-stm32.9-2020-q2-update.win32_2.0.0.202105311346/tools/bin/../lib/gcc/arm-none-eabi/9.3.1/../../../../arm-none-eabi/lib/thumb/v7e-m+fp/hard\libc_nano.a(lib_a-errno.o)
                              ./Core/Src/syscalls.o (__errno)
c:/st/stm32cubeide_1.7.0/stm32cubeide/plugins/com.st.stm32cube.ide.mcu.externaltools.gnu-tools-for-stm32.9-2020-q2-update.win32_2.0.0.202105311346/tools/bin/../lib/gcc/arm-none-eabi/9.3.1/../../../../arm-none-eabi/lib/thumb/v7e-m+fp/hard\libc_nano.a(lib_a-exit.o)
                              c:/st/stm32cubeide_1.7.0/stm32cubeide/plugins/com.st.stm32cube.ide.mcu.externaltools.gnu-tools-for-stm32.9-2020-q2-update.win32_2.0.0.202105311346/tools/bin/../lib/gcc/arm-none-eabi/9.3.1/../../../../arm-none-eabi/lib/thumb/v7e-m+fp/hard/crt0.o (exit)
c:/st/stm32cubeide_1.7.0/stm32cubeide/plugins/com.st.stm32cube.ide.mcu.externaltools.gnu-tools-for-stm32.9-2020-q2-update.win32_2.0.0.202105311346/tools/bin/../lib/gcc/arm-none-eabi/9.3.1/../../../../arm-none-eabi/lib/thumb/v7e-m+fp/hard\libc_nano.a(lib_a-impure.o)
                              c:/st/stm32cubeide_1.7.0/stm32cubeide/plugins/com.st.stm32cube.ide.mcu.externaltools.gnu-tools-for-stm32.9-2020-q2-update.win32_2.0.0.202105311346/tools/bin/../lib/gcc/arm-none-eabi/9.3.1/../../../../arm-none-eabi/lib/thumb/v7e-m+fp/hard\libc_nano.a(lib_a-exit.o) (_global_impure_ptr)
c:/st/stm32cubeide_1.7.0/stm32cubeide/plugins/com.st.stm32cube.ide.mcu.externaltools.gnu-tools-for-stm32.9-2020-q2-update.win32_2.0.0.202105311346/tools/bin/../lib/gcc/arm-none-eabi/9.3.1/../../../../arm-none-eabi/lib/thumb/v7e-m+fp/hard\libc_nano.a(lib_a-init.o)
                              c:/st/stm32cubeide_1.7.0/stm32cubeide/plugins/com.st.stm32cube.ide.mcu.externaltools.gnu-tools-for-stm32.9-2020-q2-update.win32_2.0.0.202105311346/tools/bin/../lib/gcc/arm-none-eabi/9.3.1/../../../../arm-none-eabi/lib/thumb/v7e-m+fp/hard/crt0.o (__libc_init_array)
c:/st/stm32cubeide_1.7.0/stm32cubeide/plugins/com.st.stm32cube.ide.mcu.externaltools.gnu-tools-for-stm32.9-2020-q2-update.win32_2.0.0.202105311346/tools/bin/../lib/gcc/arm-none-eabi/9.3.1/../../../../arm-none-eabi/lib/thumb/v7e-m+fp/hard\libc_nano.a(lib_a-memcmp.o)
                              ./common/ThirdParty/SEGGER/OS/SEGGER_SYSVIEW_FreeRTOS.o (memcmp)
c:/st/stm32cubeide_1.7.0/stm32cubeide/plugins/com.st.stm32cube.ide.mcu.externaltools.gnu-tools-for-stm32.9-2020-q2-update.win32_2.0.0.202105311346/tools/bin/../lib/gcc/arm-none-eabi/9.3.1/../../../../arm-none-eabi/lib/thumb/v7e-m+fp/hard\libc_nano.a(lib_a-memcpy-stub.o)
                              ./common/ThirdParty/FreeRTOS/queue.o (memcpy)
c:/st/stm32cubeide_1.7.0/stm32cubeide/plugins/com.st.stm32cube.ide.mcu.externaltools.gnu-tools-for-stm32.9-2020-q2-update.win32_2.0.0.202105311346/tools/bin/../lib/gcc/arm-none-eabi/9.3.1/../../../../arm-none-eabi/lib/thumb/v7e-m+fp/hard\libc_nano.a(lib_a-memset.o)
                              c:/st/stm32cubeide_1.7.0/stm32cubeide/plugins/com.st.stm32cube.ide.mcu.externaltools.gnu-tools-for-stm32.9-2020-q2-update.win32_2.0.0.202105311346/tools/bin/../lib/gcc/arm-none-eabi/9.3.1/../../../../arm-none-eabi/lib/thumb/v7e-m+fp/hard/crt0.o (memset)
c:/st/stm32cubeide_1.7.0/stm32cubeide/plugins/com.st.stm32cube.ide.mcu.externaltools.gnu-tools-for-stm32.9-2020-q2-update.win32_2.0.0.202105311346/tools/bin/../lib/gcc/arm-none-eabi/9.3.1/../../../../arm-none-eabi/lib/thumb/v7e-m+fp/hard\libc_nano.a(lib_a-strlen.o)
                              ./common/ThirdParty/SEGGER/SEGGER/SEGGER_RTT.o (strlen)
c:/st/stm32cubeide_1.7.0/stm32cubeide/plugins/com.st.stm32cube.ide.mcu.externaltools.gnu-tools-for-stm32.9-2020-q2-update.win32_2.0.0.202105311346/tools/bin/../lib/gcc/arm-none-eabi/9.3.1/thumb/v7e-m+fp/hard\libgcc.a(_aeabi_uldivmod.o)
                              ./Drivers/STM32F4xx_HAL_Driver/Src/stm32f4xx_hal_rcc.o (__aeabi_uldivmod)
c:/st/stm32cubeide_1.7.0/stm32cubeide/plugins/com.st.stm32cube.ide.mcu.externaltools.gnu-tools-for-stm32.9-2020-q2-update.win32_2.0.0.202105311346/tools/bin/../lib/gcc/arm-none-eabi/9.3.1/thumb/v7e-m+fp/hard\libgcc.a(_udivmoddi4.o)
                              c:/st/stm32cubeide_1.7.0/stm32cubeide/plugins/com.st.stm32cube.ide.mcu.externaltools.gnu-tools-for-stm32.9-2020-q2-update.win32_2.0.0.202105311346/tools/bin/../lib/gcc/arm-none-eabi/9.3.1/thumb/v7e-m+fp/hard\libgcc.a(_aeabi_uldivmod.o) (__udivmoddi4)
c:/st/stm32cubeide_1.7.0/stm32cubeide/plugins/com.st.stm32cube.ide.mcu.externaltools.gnu-tools-for-stm32.9-2020-q2-update.win32_2.0.0.202105311346/tools/bin/../lib/gcc/arm-none-eabi/9.3.1/thumb/v7e-m+fp/hard\libgcc.a(_dvmd_tls.o)
[...]
Memory Configuration

Name             Origin             Length             Attributes
CCMRAM           0x0000000010000000 0x0000000000010000 xrw
RAM              0x0000000020000000 0x0000000000030000 xrw
FLASH            0x0000000008000000 0x0000000000200000 xr
*default*        0x0000000000000000 0xffffffffffffffff

Linker script and memory map

LOAD c:/st/stm32cubeide_1.7.0/stm32cubeide/plugins/com.st.stm32cube.ide.mcu.externaltools.gnu-tools-for-stm32.9-2020-q2-update.win32_2.0.0.202105311346/tools/bin/../lib/gcc/arm-none-eabi/9.3.1/thumb/v7e-m+fp/hard/crti.o
LOAD c:/st/stm32cubeide_1.7.0/stm32cubeide/plugins/com.st.stm32cube.ide.mcu.externaltools.gnu-tools-for-stm32.9-2020-q2-update.win32_2.0.0.202105311346/tools/bin/../lib/gcc/arm-none-eabi/9.3.1/thumb/v7e-m+fp/hard/crtbegin.o
LOAD c:/st/stm32cubeide_1.7.0/stm32cubeide/plugins/com.st.stm32cube.ide.mcu.externaltools.gnu-tools-for-stm32.9-2020-q2-update.win32_2.0.0.202105311346/tools/bin/../lib/gcc/arm-none-eabi/9.3.1/../../../../arm-none-eabi/lib/thumb/v7e-m+fp/hard/crt0.o
LOAD ./Core/Src/main.o
LOAD ./Core/Src/stm32f4xx_hal_msp.o
LOAD ./Core/Src/stm32f4xx_hal_timebase_tim.o
LOAD ./Core/Src/stm32f4xx_it.o
LOAD ./Core/Src/syscalls.o
LOAD ./Core/Src/sysmem.o
LOAD ./Core/Src/system_stm32f4xx.o
LOAD ./Core/Startup/startup_stm32f429zitx.o
LOAD ./Drivers/STM32F4xx_HAL_Driver/Src/stm32f4xx_hal.o
LOAD ./Drivers/STM32F4xx_HAL_Driver/Src/stm32f4xx_hal_cortex.o
LOAD ./Drivers/STM32F4xx_HAL_Driver/Src/stm32f4xx_hal_dma.o
LOAD ./Drivers/STM32F4xx_HAL_Driver/Src/stm32f4xx_hal_dma_ex.o
LOAD ./Drivers/STM32F4xx_HAL_Driver/Src/stm32f4xx_hal_exti.o
LOAD ./Drivers/STM32F4xx_HAL_Driver/Src/stm32f4xx_hal_flash.o
LOAD ./Drivers/STM32F4xx_HAL_Driver/Src/stm32f4xx_hal_flash_ex.o
LOAD ./Drivers/STM32F4xx_HAL_Driver/Src/stm32f4xx_hal_flash_ramfunc.o
LOAD ./Drivers/STM32F4xx_HAL_Driver/Src/stm32f4xx_hal_gpio.o
LOAD ./Drivers/STM32F4xx_HAL_Driver/Src/stm32f4xx_hal_pwr.o
LOAD ./Drivers/STM32F4xx_HAL_Driver/Src/stm32f4xx_hal_pwr_ex.o
LOAD ./Drivers/STM32F4xx_HAL_Driver/Src/stm32f4xx_hal_rcc.o
LOAD ./Drivers/STM32F4xx_HAL_Driver/Src/stm32f4xx_hal_rcc_ex.o
LOAD ./Drivers/STM32F4xx_HAL_Driver/Src/stm32f4xx_hal_tim.o
LOAD ./Drivers/STM32F4xx_HAL_Driver/Src/stm32f4xx_hal_tim_ex.o
LOAD ./common/ThirdParty/FreeRTOS/croutine.o
LOAD ./common/ThirdParty/FreeRTOS/event_groups.o
LOAD ./common/ThirdParty/FreeRTOS/list.o
LOAD ./common/ThirdParty/FreeRTOS/queue.o
LOAD ./common/ThirdParty/FreeRTOS/stream_buffer.o
LOAD ./common/ThirdParty/FreeRTOS/tasks.o
LOAD ./common/ThirdParty/FreeRTOS/timers.o
LOAD ./common/ThirdParty/FreeRTOS/portable/GCC/ARM_CM4F/port.o
LOAD ./common/ThirdParty/FreeRTOS/portable/MemMang/heap_4.o
LOAD ./common/ThirdParty/SEGGER/Config/SEGGER_SYSVIEW_Config_FreeRTOS.o
LOAD ./common/ThirdParty/SEGGER/OS/SEGGER_SYSVIEW_FreeRTOS.o
LOAD ./common/ThirdParty/SEGGER/Rec/segger_uart.o
LOAD ./common/ThirdParty/SEGGER/SEGGER/SEGGER_RTT.o
LOAD ./common/ThirdParty/SEGGER/SEGGER/SEGGER_RTT_ASM_ARMv7M.o
LOAD ./common/ThirdParty/SEGGER/SEGGER/SEGGER_RTT_printf.o
LOAD ./common/ThirdParty/SEGGER/SEGGER/SEGGER_SYSVIEW.o
LOAD ./common/ThirdParty/SEGGER/SEGGER/Syscalls/SEGGER_RTT_Syscalls_GCC.o
START GROUP
LOAD c:/st/stm32cubeide_1.7.0/stm32cubeide/plugins/com.st.stm32cube.ide.mcu.externaltools.gnu-tools-for-stm32.9-2020-q2-update.win32_2.0.0.202105311346/tools/bin/../lib/gcc/arm-none-eabi/9.3.1/../../../../arm-none-eabi/lib/thumb/v7e-m+fp/hard\libc_nano.a
LOAD c:/st/stm32cubeide_1.7.0/stm32cubeide/plugins/com.st.stm32cube.ide.mcu.externaltools.gnu-tools-for-stm32.9-2020-q2-update.win32_2.0.0.202105311346/tools/bin/../lib/gcc/arm-none-eabi/9.3.1/../../../../arm-none-eabi/lib/thumb/v7e-m+fp/hard\libm.a
END GROUP
START GROUP
LOAD c:/st/stm32cubeide_1.7.0/stm32cubeide/plugins/com.st.stm32cube.ide.mcu.externaltools.gnu-tools-for-stm32.9-2020-q2-update.win32_2.0.0.202105311346/tools/bin/../lib/gcc/arm-none-eabi/9.3.1/thumb/v7e-m+fp/hard\libgcc.a
LOAD c:/st/stm32cubeide_1.7.0/stm32cubeide/plugins/com.st.stm32cube.ide.mcu.externaltools.gnu-tools-for-stm32.9-2020-q2-update.win32_2.0.0.202105311346/tools/bin/../lib/gcc/arm-none-eabi/9.3.1/../../../../arm-none-eabi/lib/thumb/v7e-m+fp/hard\libc_nano.a
END GROUP
START GROUP
LOAD c:/st/stm32cubeide_1.7.0/stm32cubeide/plugins/com.st.stm32cube.ide.mcu.externaltools.gnu-tools-for-stm32.9-2020-q2-update.win32_2.0.0.202105311346/tools/bin/../lib/gcc/arm-none-eabi/9.3.1/thumb/v7e-m+fp/hard\libgcc.a
LOAD c:/st/stm32cubeide_1.7.0/stm32cubeide/plugins/com.st.stm32cube.ide.mcu.externaltools.gnu-tools-for-stm32.9-2020-q2-update.win32_2.0.0.202105311346/tools/bin/../lib/gcc/arm-none-eabi/9.3.1/../../../../arm-none-eabi/lib/thumb/v7e-m+fp/hard\libc_nano.a
LOAD c:/st/stm32cubeide_1.7.0/stm32cubeide/plugins/com.st.stm32cube.ide.mcu.externaltools.gnu-tools-for-stm32.9-2020-q2-update.win32_2.0.0.202105311346/tools/bin/../lib/gcc/arm-none-eabi/9.3.1/../../../../arm-none-eabi/lib/thumb/v7e-m+fp/hard\libnosys.a
END GROUP
START GROUP
LOAD c:/st/stm32cubeide_1.7.0/stm32cubeide/plugins/com.st.stm32cube.ide.mcu.externaltools.gnu-tools-for-stm32.9-2020-q2-update.win32_2.0.0.202105311346/tools/bin/../lib/gcc/arm-none-eabi/9.3.1/thumb/v7e-m+fp/hard\libgcc.a
LOAD c:/st/stm32cubeide_1.7.0/stm32cubeide/plugins/com.st.stm32cube.ide.mcu.externaltools.gnu-tools-for-stm32.9-2020-q2-update.win32_2.0.0.202105311346/tools/bin/../lib/gcc/arm-none-eabi/9.3.1/../../../../arm-none-eabi/lib/thumb/v7e-m+fp/hard\libc_nano.a
LOAD c:/st/stm32cubeide_1.7.0/stm32cubeide/plugins/com.st.stm32cube.ide.mcu.externaltools.gnu-tools-for-stm32.9-2020-q2-update.win32_2.0.0.202105311346/tools/bin/../lib/gcc/arm-none-eabi/9.3.1/../../../../arm-none-eabi/lib/thumb/v7e-m+fp/hard\libnosys.a
END GROUP
LOAD c:/st/stm32cubeide_1.7.0/stm32cubeide/plugins/com.st.stm32cube.ide.mcu.externaltools.gnu-tools-for-stm32.9-2020-q2-update.win32_2.0.0.202105311346/tools/bin/../lib/gcc/arm-none-eabi/9.3.1/thumb/v7e-m+fp/hard/crtend.o
LOAD c:/st/stm32cubeide_1.7.0/stm32cubeide/plugins/com.st.stm32cube.ide.mcu.externaltools.gnu-tools-for-stm32.9-2020-q2-update.win32_2.0.0.202105311346/tools/bin/../lib/gcc/arm-none-eabi/9.3.1/thumb/v7e-m+fp/hard/crtn.o
                0x0000000020030000                _estack = (ORIGIN (RAM) + LENGTH (RAM))
                0x0000000000000200                _Min_Heap_Size = 0x200
                0x0000000000000400                _Min_Stack_Size = 0x400

.isr_vector     0x0000000008000000      0x1ac
                0x0000000008000000                . = ALIGN (0x4)
 *(.isr_vector)
 .isr_vector    0x0000000008000000      0x1ac ./Core/Startup/startup_stm32f429zitx.o
                0x0000000008000000                g_pfnVectors
                0x00000000080001ac                . = ALIGN (0x4)

.text           0x00000000080001b0     0x6d98
                0x00000000080001b0                . = ALIGN (0x4)
 *(.text)
 .text          0x00000000080001b0       0x40 c:/st/stm32cubeide_1.7.0/stm32cubeide/plugins/com.st.stm32cube.ide.mcu.externaltools.gnu-tools-for-stm32.9-2020-q2-update.win32_2.0.0.202105311346/tools/bin/../lib/gcc/arm-none-eabi/9.3.1/thumb/v7e-m+fp/hard/crtbegin.o
 .text          0x00000000080001f0       0x94 ./common/ThirdParty/SEGGER/SEGGER/SEGGER_RTT_ASM_ARMv7M.o
                0x00000000080001f0                SEGGER_RTT_ASM_WriteSkipNoLock
 .text          0x0000000008000284       0x30 c:/st/stm32cubeide_1.7.0/stm32cubeide/plugins/com.st.stm32cube.ide.mcu.externaltools.gnu-tools-for-stm32.9-2020-q2-update.win32_2.0.0.202105311346/tools/bin/../lib/gcc/arm-none-eabi/9.3.1/thumb/v7e-m+fp/hard\libgcc.a(_aeabi_uldivmod.o)
                0x0000000008000284                __aeabi_uldivmod
 .text          0x00000000080002b4      0x2c4 c:/st/stm32cubeide_1.7.0/stm32cubeide/plugins/com.st.stm32cube.ide.mcu.externaltools.gnu-tools-for-stm32.9-2020-q2-update.win32_2.0.0.202105311346/tools/bin/../lib/gcc/arm-none-eabi/9.3.1/thumb/v7e-m+fp/hard\libgcc.a(_udivmoddi4.o)
                0x00000000080002b4                __udivmoddi4
 .text          0x0000000008000578        0x4 c:/st/stm32cubeide_1.7.0/stm32cubeide/plugins/com.st.stm32cube.ide.mcu.externaltools.gnu-tools-for-stm32.9-2020-q2-update.win32_2.0.0.202105311346/tools/bin/../lib/gcc/arm-none-eabi/9.3.1/thumb/v7e-m+fp/hard\libgcc.a(_dvmd_tls.o)
                0x0000000008000578                __aeabi_idiv0
                0x0000000008000578                __aeabi_ldiv0
 *(.text*)
 .text.main     0x000000000800057c       0xa8 ./Core/Src/main.o
                0x000000000800057c                main
 .text.SystemClock_Config
                0x0000000008000624       0xd8 ./Core/Src/main.o
                0x0000000008000624                SystemClock_Config
 .text.MX_GPIO_Init
                0x00000000080006fc      0x4d8 ./Core/Src/main.o
 .text.led_green_handler
                0x0000000008000bd4       0x38 ./Core/Src/main.o
 .text.led_red_handler
                0x0000000008000c0c       0x38 ./Core/Src/main.o
 .text.HAL_TIM_PeriodElapsedCallback
                0x0000000008000c44       0x24 ./Core/Src/main.o
                0x0000000008000c44                HAL_TIM_PeriodElapsedCallback
 .text.Error_Handler
                0x0000000008000c68        0xa ./Core/Src/main.o
                0x0000000008000c68                Error_Handler
 *fill*         0x0000000008000c72        0x2 
 .text.HAL_MspInit
                0x0000000008000c74       0x50 ./Core/Src/stm32f4xx_hal_msp.o
                0x0000000008000c74                HAL_MspInit
 .text.HAL_InitTick
                0x0000000008000cc4       0xb4 ./Core/Src/stm32f4xx_hal_timebase_tim.o
                0x0000000008000cc4                HAL_InitTick
 .text.NMI_Handler
                0x0000000008000d78        0x6 ./Core/Src/stm32f4xx_it.o
                0x0000000008000d78                NMI_Handler
 .text.HardFault_Handler
                0x0000000008000d7e        0x6 ./Core/Src/stm32f4xx_it.o
                0x0000000008000d7e                HardFault_Handler
 .text.MemManage_Handler
                0x0000000008000d84        0x6 ./Core/Src/stm32f4xx_it.o
                0x0000000008000d84                MemManage_Handler
 .text.BusFault_Handler
                0x0000000008000d8a        0x6 ./Core/Src/stm32f4xx_it.o
                0x0000000008000d8a                BusFault_Handler
 .text.UsageFault_Handler
                0x0000000008000d90        0x6 ./Core/Src/stm32f4xx_it.o
                0x0000000008000d90                UsageFault_Handler
 .text.DebugMon_Handler
                0x0000000008000d96        0xe ./Core/Src/stm32f4xx_it.o
                0x0000000008000d96                DebugMon_Handler
 .text.TIM6_DAC_IRQHandler
                0x0000000008000da4       0x14 ./Core/Src/stm32f4xx_it.o
                0x0000000008000da4                TIM6_DAC_IRQHandler
 .text.SystemInit
                0x0000000008000db8       0x24 ./Core/Src/system_stm32f4xx.o
                0x0000000008000db8                SystemInit
 .text.Reset_Handler
                0x0000000008000ddc       0x50 ./Core/Startup/startup_stm32f429zitx.o
                0x0000000008000ddc                Reset_Handler
 .text.Default_Handler
                0x0000000008000e2c        0x2 ./Core/Startup/startup_stm32f429zitx.o
                0x0000000008000e2c                RTC_Alarm_IRQHandler
                0x0000000008000e2c                HASH_RNG_IRQHandler
                0x0000000008000e2c                EXTI2_IRQHandler
                0x0000000008000e2c                TIM8_CC_IRQHandler
                0x0000000008000e2c                UART8_IRQHandler
                0x0000000008000e2c                SPI4_IRQHandler
                0x0000000008000e2c                TIM1_CC_IRQHandler
                0x0000000008000e2c                DMA2_Stream5_IRQHandler
                0x0000000008000e2c                DMA1_Stream5_IRQHandler
                0x0000000008000e2c                PVD_IRQHandler
                0x0000000008000e2c                SDIO_IRQHandler
                0x0000000008000e2c                TAMP_STAMP_IRQHandler
                0x0000000008000e2c                CAN2_RX1_IRQHandler
                0x0000000008000e2c                EXTI3_IRQHandler
                0x0000000008000e2c                TIM8_TRG_COM_TIM14_IRQHandler
                0x0000000008000e2c                TIM1_UP_TIM10_IRQHandler
                0x0000000008000e2c                TIM8_UP_TIM13_IRQHandler
                0x0000000008000e2c                I2C3_ER_IRQHandler
                0x0000000008000e2c                EXTI0_IRQHandler
                0x0000000008000e2c                I2C2_EV_IRQHandler
                0x0000000008000e2c                DMA1_Stream2_IRQHandler
                0x0000000008000e2c                CAN1_RX0_IRQHandler
                0x0000000008000e2c                FPU_IRQHandler
                0x0000000008000e2c                OTG_HS_WKUP_IRQHandler
                0x0000000008000e2c                LTDC_ER_IRQHandler
                0x0000000008000e2c                CAN2_SCE_IRQHandler
                0x0000000008000e2c                DMA2_Stream2_IRQHandler
                0x0000000008000e2c                SPI1_IRQHandler
                0x0000000008000e2c                TIM1_BRK_TIM9_IRQHandler
                0x0000000008000e2c                DCMI_IRQHandler
                0x0000000008000e2c                CAN2_RX0_IRQHandler
                0x0000000008000e2c                DMA2_Stream3_IRQHandler
                0x0000000008000e2c                USART6_IRQHandler
                0x0000000008000e2c                USART3_IRQHandler
                0x0000000008000e2c                CAN1_RX1_IRQHandler
                0x0000000008000e2c                UART5_IRQHandler
                0x0000000008000e2c                DMA2_Stream0_IRQHandler
                0x0000000008000e2c                TIM4_IRQHandler
                0x0000000008000e2c                I2C1_EV_IRQHandler
                0x0000000008000e2c                DMA1_Stream6_IRQHandler
                0x0000000008000e2c                DMA1_Stream1_IRQHandler
                0x0000000008000e2c                UART4_IRQHandler
                0x0000000008000e2c                TIM3_IRQHandler
                0x0000000008000e2c                RCC_IRQHandler
                0x0000000008000e2c                TIM8_BRK_TIM12_IRQHandler
                0x0000000008000e2c                Default_Handler
                0x0000000008000e2c                EXTI15_10_IRQHandler
                0x0000000008000e2c                ADC_IRQHandler
                0x0000000008000e2c                DMA1_Stream7_IRQHandler
                0x0000000008000e2c                SPI5_IRQHandler
                0x0000000008000e2c                TIM7_IRQHandler
                0x0000000008000e2c                CAN2_TX_IRQHandler
                0x0000000008000e2c                TIM5_IRQHandler
                0x0000000008000e2c                DMA2_Stream7_IRQHandler
                0x0000000008000e2c                I2C3_EV_IRQHandler
                0x0000000008000e2c                EXTI9_5_IRQHandler
                0x0000000008000e2c                RTC_WKUP_IRQHandler
                0x0000000008000e2c                LTDC_IRQHandler
                0x0000000008000e2c                ETH_WKUP_IRQHandler
                0x0000000008000e2c                SPI2_IRQHandler
                0x0000000008000e2c                OTG_HS_EP1_IN_IRQHandler
                0x0000000008000e2c                DMA1_Stream0_IRQHandler
                0x0000000008000e2c                CAN1_TX_IRQHandler
                0x0000000008000e2c                EXTI4_IRQHandler
                0x0000000008000e2c                ETH_IRQHandler
                0x0000000008000e2c                OTG_HS_EP1_OUT_IRQHandler
                0x0000000008000e2c                WWDG_IRQHandler
                0x0000000008000e2c                SPI6_IRQHandler
                0x0000000008000e2c                TIM2_IRQHandler
                0x0000000008000e2c                OTG_FS_WKUP_IRQHandler
                0x0000000008000e2c                TIM1_TRG_COM_TIM11_IRQHandler
                0x0000000008000e2c                OTG_HS_IRQHandler
                0x0000000008000e2c                DMA2D_IRQHandler
                0x0000000008000e2c                EXTI1_IRQHandler
                0x0000000008000e2c                UART7_IRQHandler
                0x0000000008000e2c                USART2_IRQHandler
                0x0000000008000e2c                I2C2_ER_IRQHandler
                0x0000000008000e2c                DMA2_Stream1_IRQHandler
                0x0000000008000e2c                CAN1_SCE_IRQHandler
                0x0000000008000e2c                FLASH_IRQHandler
                0x0000000008000e2c                DMA2_Stream4_IRQHandler
                0x0000000008000e2c                USART1_IRQHandler
                0x0000000008000e2c                OTG_FS_IRQHandler
                0x0000000008000e2c                SPI3_IRQHandler
                0x0000000008000e2c                DMA1_Stream4_IRQHandler
                0x0000000008000e2c                I2C1_ER_IRQHandler
                0x0000000008000e2c                FMC_IRQHandler
                0x0000000008000e2c                DMA2_Stream6_IRQHandler
                0x0000000008000e2c                SAI1_IRQHandler
                0x0000000008000e2c                DMA1_Stream3_IRQHandler
 *fill*         0x0000000008000e2e        0x2 
 .text.HAL_Init
                0x0000000008000e30       0x44 ./Drivers/STM32F4xx_HAL_Driver/Src/stm32f4xx_hal.o
                0x0000000008000e30                HAL_Init
 .text.HAL_IncTick
                0x0000000008000e74       0x28 ./Drivers/STM32F4xx_HAL_Driver/Src/stm32f4xx_hal.o
                0x0000000008000e74                HAL_IncTick
 .text.HAL_GetTick
                0x0000000008000e9c       0x18 ./Drivers/STM32F4xx_HAL_Driver/Src/stm32f4xx_hal.o
                0x0000000008000e9c                HAL_GetTick
 .text.__NVIC_SetPriorityGrouping
                0x0000000008000eb4       0x48 ./Drivers/STM32F4xx_HAL_Driver/Src/stm32f4xx_hal_cortex.o
 .text.__NVIC_GetPriorityGrouping
                0x0000000008000efc       0x1c ./Drivers/STM32F4xx_HAL_Driver/Src/stm32f4xx_hal_cortex.o
 .text.__NVIC_EnableIRQ
                0x0000000008000f18       0x3c ./Drivers/STM32F4xx_HAL_Driver/Src/stm32f4xx_hal_cortex.o
 .text.__NVIC_SetPriority
                0x0000000008000f54       0x54 ./Drivers/STM32F4xx_HAL_Driver/Src/stm32f4xx_hal_cortex.o
 .text.NVIC_EncodePriority
                0x0000000008000fa8       0x66 ./Drivers/STM32F4xx_HAL_Driver/Src/stm32f4xx_hal_cortex.o
 .text.HAL_NVIC_SetPriorityGrouping
                0x000000000800100e       0x16 ./Drivers/STM32F4xx_HAL_Driver/Src/stm32f4xx_hal_cortex.o
                0x000000000800100e                HAL_NVIC_SetPriorityGrouping
 .text.HAL_NVIC_SetPriority
                0x0000000008001024       0x38 ./Drivers/STM32F4xx_HAL_Driver/Src/stm32f4xx_hal_cortex.o
                0x0000000008001024                HAL_NVIC_SetPriority
 .text.HAL_NVIC_EnableIRQ
                0x000000000800105c       0x1c ./Drivers/STM32F4xx_HAL_Driver/Src/stm32f4xx_hal_cortex.o
                0x000000000800105c                HAL_NVIC_EnableIRQ
 .text.HAL_GPIO_Init
                0x0000000008001078      0x358 ./Drivers/STM32F4xx_HAL_Driver/Src/stm32f4xx_hal_gpio.o
                0x0000000008001078                HAL_GPIO_Init
 .text.HAL_GPIO_WritePin
                0x00000000080013d0       0x32 ./Drivers/STM32F4xx_HAL_Driver/Src/stm32f4xx_hal_gpio.o
                0x00000000080013d0                HAL_GPIO_WritePin
 .text.HAL_GPIO_TogglePin
                0x0000000008001402       0x34 ./Drivers/STM32F4xx_HAL_Driver/Src/stm32f4xx_hal_gpio.o
                0x0000000008001402                HAL_GPIO_TogglePin
 *fill*         0x0000000008001436        0x2 
 .text.HAL_RCC_OscConfig
                0x0000000008001438      0x4f0 ./Drivers/STM32F4xx_HAL_Driver/Src/stm32f4xx_hal_rcc.o
                0x0000000008001438                HAL_RCC_OscConfig
 .text.HAL_RCC_ClockConfig
                0x0000000008001928      0x1cc ./Drivers/STM32F4xx_HAL_Driver/Src/stm32f4xx_hal_rcc.o
                0x0000000008001928                HAL_RCC_ClockConfig
 .text.HAL_RCC_GetSysClockFreq
                0x0000000008001af4      0x1c4 ./Drivers/STM32F4xx_HAL_Driver/Src/stm32f4xx_hal_rcc.o
                0x0000000008001af4                HAL_RCC_GetSysClockFreq
 .text.HAL_RCC_GetHCLKFreq
                0x0000000008001cb8       0x18 ./Drivers/STM32F4xx_HAL_Driver/Src/stm32f4xx_hal_rcc.o
                0x0000000008001cb8                HAL_RCC_GetHCLKFreq
 .text.HAL_RCC_GetPCLK1Freq
                0x0000000008001cd0       0x28 ./Drivers/STM32F4xx_HAL_Driver/Src/stm32f4xx_hal_rcc.o
                0x0000000008001cd0                HAL_RCC_GetPCLK1Freq
 .text.HAL_RCC_GetClockConfig
                0x0000000008001cf8       0x64 ./Drivers/STM32F4xx_HAL_Driver/Src/stm32f4xx_hal_rcc.o
                0x0000000008001cf8                HAL_RCC_GetClockConfig
 .text.HAL_TIM_Base_Init
                0x0000000008001d5c       0x9e ./Drivers/STM32F4xx_HAL_Driver/Src/stm32f4xx_hal_tim.o
                0x0000000008001d5c                HAL_TIM_Base_Init
 .text.HAL_TIM_Base_MspInit
                0x0000000008001dfa       0x14 ./Drivers/STM32F4xx_HAL_Driver/Src/stm32f4xx_hal_tim.o
                0x0000000008001dfa                HAL_TIM_Base_MspInit
 *fill*         0x0000000008001e0e        0x2 
 .text.HAL_TIM_Base_Start_IT
                0x0000000008001e10       0xe0 ./Drivers/STM32F4xx_HAL_Driver/Src/stm32f4xx_hal_tim.o
                0x0000000008001e10                HAL_TIM_Base_Start_IT
 .text.HAL_TIM_IRQHandler
                0x0000000008001ef0      0x210 ./Drivers/STM32F4xx_HAL_Driver/Src/stm32f4xx_hal_tim.o
                0x0000000008001ef0                HAL_TIM_IRQHandler
 .text.HAL_TIM_OC_DelayElapsedCallback
                0x0000000008002100       0x14 ./Drivers/STM32F4xx_HAL_Driver/Src/stm32f4xx_hal_tim.o
                0x0000000008002100                HAL_TIM_OC_DelayElapsedCallback
 .text.HAL_TIM_IC_CaptureCallback
                0x0000000008002114       0x14 ./Drivers/STM32F4xx_HAL_Driver/Src/stm32f4xx_hal_tim.o
                0x0000000008002114                HAL_TIM_IC_CaptureCallback
 .text.HAL_TIM_PWM_PulseFinishedCallback
                0x0000000008002128       0x14 ./Drivers/STM32F4xx_HAL_Driver/Src/stm32f4xx_hal_tim.o
                0x0000000008002128                HAL_TIM_PWM_PulseFinishedCallback
 .text.HAL_TIM_TriggerCallback
                0x000000000800213c       0x14 ./Drivers/STM32F4xx_HAL_Driver/Src/stm32f4xx_hal_tim.o
                0x000000000800213c                HAL_TIM_TriggerCallback
 .text.TIM_Base_SetConfig
                0x0000000008002150      0x140 ./Drivers/STM32F4xx_HAL_Driver/Src/stm32f4xx_hal_tim.o
                0x0000000008002150                TIM_Base_SetConfig
 .text.HAL_TIMEx_CommutCallback
                0x0000000008002290       0x14 ./Drivers/STM32F4xx_HAL_Driver/Src/stm32f4xx_hal_tim_ex.o
                0x0000000008002290                HAL_TIMEx_CommutCallback
 .text.HAL_TIMEx_BreakCallback
                0x00000000080022a4       0x14 ./Drivers/STM32F4xx_HAL_Driver/Src/stm32f4xx_hal_tim_ex.o
                0x00000000080022a4                HAL_TIMEx_BreakCallback
 .text.vListInitialise
                0x00000000080022b8       0x40 ./common/ThirdParty/FreeRTOS/list.o
                0x00000000080022b8                vListInitialise
 .text.vListInitialiseItem
                0x00000000080022f8       0x1a ./common/ThirdParty/FreeRTOS/list.o
                0x00000000080022f8                vListInitialiseItem
 .text.vListInsertEnd
                0x0000000008002312       0x48 ./common/ThirdParty/FreeRTOS/list.o
                0x0000000008002312                vListInsertEnd
 .text.vListInsert
                0x000000000800235a       0x72 ./common/ThirdParty/FreeRTOS/list.o
                0x000000000800235a                vListInsert
 .text.uxListRemove
                0x00000000080023cc       0x54 ./common/ThirdParty/FreeRTOS/list.o
                0x00000000080023cc                uxListRemove
 .text.xQueueGenericReset
                0x0000000008002420       0xd0 ./common/ThirdParty/FreeRTOS/queue.o
                0x0000000008002420                xQueueGenericReset
 .text.xQueueGenericCreate
                0x00000000080024f0       0xbe ./common/ThirdParty/FreeRTOS/queue.o
                0x00000000080024f0                xQueueGenericCreate
 .text.prvInitialiseNewQueue
                0x00000000080025ae       0x52 ./common/ThirdParty/FreeRTOS/queue.o
 .text.xQueueGenericSend
                0x0000000008002600      0x24c ./common/ThirdParty/FreeRTOS/queue.o
                0x0000000008002600                xQueueGenericSend
 .text.xQueueGenericSendFromISR
                0x000000000800284c      0x17c ./common/ThirdParty/FreeRTOS/queue.o
                0x000000000800284c                xQueueGenericSendFromISR
 .text.xQueueReceive
                0x00000000080029c8      0x220 ./common/ThirdParty/FreeRTOS/queue.o
                0x00000000080029c8                xQueueReceive
 .text.prvCopyDataToQueue
                0x0000000008002be8       0xd4 ./common/ThirdParty/FreeRTOS/queue.o
 .text.prvCopyDataFromQueue
                0x0000000008002cbc       0x4c ./common/ThirdParty/FreeRTOS/queue.o
 .text.prvUnlockQueue
                0x0000000008002d08       0xa4 ./common/ThirdParty/FreeRTOS/queue.o
 .text.prvIsQueueEmpty
                0x0000000008002dac       0x2c ./common/ThirdParty/FreeRTOS/queue.o
 .text.prvIsQueueFull
                0x0000000008002dd8       0x30 ./common/ThirdParty/FreeRTOS/queue.o
 .text.vQueueAddToRegistry
                0x0000000008002e08       0x64 ./common/ThirdParty/FreeRTOS/queue.o
                0x0000000008002e08                vQueueAddToRegistry
 .text.vQueueWaitForMessageRestricted
                0x0000000008002e6c       0x68 ./common/ThirdParty/FreeRTOS/queue.o
                0x0000000008002e6c                vQueueWaitForMessageRestricted
 .text.xTaskCreate
                0x0000000008002ed4       0x82 ./common/ThirdParty/FreeRTOS/tasks.o
                0x0000000008002ed4                xTaskCreate
 .text.prvInitialiseNewTask
                0x0000000008002f56      0x12c ./common/ThirdParty/FreeRTOS/tasks.o
 *fill*         0x0000000008003082        0x2 
 .text.prvAddNewTaskToReadyList
                0x0000000008003084      0x118 ./common/ThirdParty/FreeRTOS/tasks.o
 .text.xTaskDelayUntil
                0x000000000800319c      0x104 ./common/ThirdParty/FreeRTOS/tasks.o
                0x000000000800319c                xTaskDelayUntil
 .text.vTaskStartScheduler
                0x00000000080032a0       0xc4 ./common/ThirdParty/FreeRTOS/tasks.o
                0x00000000080032a0                vTaskStartScheduler
 .text.vTaskSuspendAll
                0x0000000008003364       0x1c ./common/ThirdParty/FreeRTOS/tasks.o
                0x0000000008003364                vTaskSuspendAll
 .text.xTaskResumeAll
                0x0000000008003380      0x140 ./common/ThirdParty/FreeRTOS/tasks.o
                0x0000000008003380                xTaskResumeAll
 .text.xTaskGetTickCount
                0x00000000080034c0       0x20 ./common/ThirdParty/FreeRTOS/tasks.o
                0x00000000080034c0                xTaskGetTickCount
 .text.xTaskGetTickCountFromISR
                0x00000000080034e0       0x24 ./common/ThirdParty/FreeRTOS/tasks.o
                0x00000000080034e0                xTaskGetTickCountFromISR
 .text.xTaskIncrementTick
                0x0000000008003504      0x178 ./common/ThirdParty/FreeRTOS/tasks.o
                0x0000000008003504                xTaskIncrementTick
 .text.vTaskSwitchContext
                0x000000000800367c       0xd4 ./common/ThirdParty/FreeRTOS/tasks.o
                0x000000000800367c                vTaskSwitchContext
 .text.vTaskPlaceOnEventList
                0x0000000008003750       0x48 ./common/ThirdParty/FreeRTOS/tasks.o
                0x0000000008003750                vTaskPlaceOnEventList
 .text.vTaskPlaceOnEventListRestricted
                0x0000000008003798       0x5c ./common/ThirdParty/FreeRTOS/tasks.o
                0x0000000008003798                vTaskPlaceOnEventListRestricted
 .text.xTaskRemoveFromEventList
                0x00000000080037f4       0xcc ./common/ThirdParty/FreeRTOS/tasks.o
                0x00000000080037f4                xTaskRemoveFromEventList
 .text.vTaskInternalSetTimeOutState
                0x00000000080038c0       0x2c ./common/ThirdParty/FreeRTOS/tasks.o
                0x00000000080038c0                vTaskInternalSetTimeOutState
 .text.xTaskCheckForTimeOut
                0x00000000080038ec       0xcc ./common/ThirdParty/FreeRTOS/tasks.o
                0x00000000080038ec                xTaskCheckForTimeOut
 .text.vTaskMissedYield
                0x00000000080039b8       0x18 ./common/ThirdParty/FreeRTOS/tasks.o
                0x00000000080039b8                vTaskMissedYield
 .text.prvIdleTask
                0x00000000080039d0       0x30 ./common/ThirdParty/FreeRTOS/tasks.o
 .text.prvInitialiseTaskLists
                0x0000000008003a00       0x80 ./common/ThirdParty/FreeRTOS/tasks.o
 .text.prvCheckTasksWaitingTermination
                0x0000000008003a80       0x5c ./common/ThirdParty/FreeRTOS/tasks.o
 .text.prvDeleteTCB
                0x0000000008003adc       0x20 ./common/ThirdParty/FreeRTOS/tasks.o
 .text.prvResetNextTaskUnblockTime
                0x0000000008003afc       0x38 ./common/ThirdParty/FreeRTOS/tasks.o
 .text.xTaskGetSchedulerState
                0x0000000008003b34       0x3c ./common/ThirdParty/FreeRTOS/tasks.o
                0x0000000008003b34                xTaskGetSchedulerState
 .text.xTaskPriorityDisinherit
                0x0000000008003b70      0x100 ./common/ThirdParty/FreeRTOS/tasks.o
                0x0000000008003b70                xTaskPriorityDisinherit
 .text.prvAddCurrentTaskToDelayedList
                0x0000000008003c70       0xf0 ./common/ThirdParty/FreeRTOS/tasks.o
 .text.xTimerCreateTimerTask
                0x0000000008003d60       0x64 ./common/ThirdParty/FreeRTOS/timers.o
                0x0000000008003d60                xTimerCreateTimerTask
 .text.xTimerGenericCommand
                0x0000000008003dc4       0x9c ./common/ThirdParty/FreeRTOS/timers.o
                0x0000000008003dc4                xTimerGenericCommand
 .text.prvProcessExpiredTimer
                0x0000000008003e60       0x98 ./common/ThirdParty/FreeRTOS/timers.o
 .text.prvTimerTask
                0x0000000008003ef8       0x24 ./common/ThirdParty/FreeRTOS/timers.o
 .text.prvProcessTimerOrBlockTask
                0x0000000008003f1c       0x9c ./common/ThirdParty/FreeRTOS/timers.o
 .text.prvGetNextExpireTime
                0x0000000008003fb8       0x48 ./common/ThirdParty/FreeRTOS/timers.o
 .text.prvSampleTimeNow
                0x0000000008004000       0x40 ./common/ThirdParty/FreeRTOS/timers.o
 .text.prvInsertTimerInActiveList
                0x0000000008004040       0x84 ./common/ThirdParty/FreeRTOS/timers.o
 .text.prvProcessReceivedCommands
                0x00000000080040c4      0x18c ./common/ThirdParty/FreeRTOS/timers.o
 .text.prvSwitchTimerLists
                0x0000000008004250       0xc8 ./common/ThirdParty/FreeRTOS/timers.o
 .text.prvCheckForValidListAndQueue
                0x0000000008004318       0x6c ./common/ThirdParty/FreeRTOS/timers.o
 .text.pxPortInitialiseStack
                0x0000000008004384       0x68 ./common/ThirdParty/FreeRTOS/portable/GCC/ARM_CM4F/port.o
                0x0000000008004384                pxPortInitialiseStack
 .text.prvTaskExitError
                0x00000000080043ec       0x58 ./common/ThirdParty/FreeRTOS/portable/GCC/ARM_CM4F/port.o
 *fill*         0x0000000008004444        0xc 
 .text.SVC_Handler
                0x0000000008004450       0x28 ./common/ThirdParty/FreeRTOS/portable/GCC/ARM_CM4F/port.o
                0x0000000008004450                SVC_Handler
 .text.prvPortStartFirstTask
                0x0000000008004478       0x2c ./common/ThirdParty/FreeRTOS/portable/GCC/ARM_CM4F/port.o
 .text.xPortStartScheduler
                0x00000000080044a4      0x144 ./common/ThirdParty/FreeRTOS/portable/GCC/ARM_CM4F/port.o
                0x00000000080044a4                xPortStartScheduler
 .text.vInitPrioGroupValue
                0x00000000080045e8       0xfc ./common/ThirdParty/FreeRTOS/portable/GCC/ARM_CM4F/port.o
                0x00000000080045e8                vInitPrioGroupValue
 .text.vPortEnterCritical
                0x00000000080046e4       0x60 ./common/ThirdParty/FreeRTOS/portable/GCC/ARM_CM4F/port.o
                0x00000000080046e4                vPortEnterCritical
 .text.vPortExitCritical
                0x0000000008004744       0x54 ./common/ThirdParty/FreeRTOS/portable/GCC/ARM_CM4F/port.o
                0x0000000008004744                vPortExitCritical
 *fill*         0x0000000008004798        0x8 
 .text.PendSV_Handler
                0x00000000080047a0       0x68 ./common/ThirdParty/FreeRTOS/portable/GCC/ARM_CM4F/port.o
                0x00000000080047a0                PendSV_Handler
 .text.SysTick_Handler
                0x0000000008004808       0x54 ./common/ThirdParty/FreeRTOS/portable/GCC/ARM_CM4F/port.o
                0x0000000008004808                SysTick_Handler
 .text.vPortSetupTimerInterrupt
                0x000000000800485c       0x48 ./common/ThirdParty/FreeRTOS/portable/GCC/ARM_CM4F/port.o
                0x000000000800485c                vPortSetupTimerInterrupt
 .text.vPortEnableVFP
                0x00000000080048a4       0x18 ./common/ThirdParty/FreeRTOS/portable/GCC/ARM_CM4F/port.o
 .text.vPortValidateInterruptPriority
                0x00000000080048bc       0x80 ./common/ThirdParty/FreeRTOS/portable/GCC/ARM_CM4F/port.o
                0x00000000080048bc                vPortValidateInterruptPriority
 .text.pvPortMalloc
                0x000000000800493c      0x1c0 ./common/ThirdParty/FreeRTOS/portable/MemMang/heap_4.o
                0x000000000800493c                pvPortMalloc
 .text.vPortFree
                0x0000000008004afc       0xc4 ./common/ThirdParty/FreeRTOS/portable/MemMang/heap_4.o
                0x0000000008004afc                vPortFree
 .text.prvHeapInit
                0x0000000008004bc0       0xc4 ./common/ThirdParty/FreeRTOS/portable/MemMang/heap_4.o
 .text.prvInsertBlockIntoFreeList
                0x0000000008004c84       0xb4 ./common/ThirdParty/FreeRTOS/portable/MemMang/heap_4.o
 .text._cbSendSystemDesc
                0x0000000008004d38       0x1c ./common/ThirdParty/SEGGER/Config/SEGGER_SYSVIEW_Config_FreeRTOS.o
 .text.SEGGER_SYSVIEW_Conf
                0x0000000008004d54       0x2c ./common/ThirdParty/SEGGER/Config/SEGGER_SYSVIEW_Config_FreeRTOS.o
                0x0000000008004d54                SEGGER_SYSVIEW_Conf
 .text._cbSendTaskList
                0x0000000008004d80       0x90 ./common/ThirdParty/SEGGER/OS/SEGGER_SYSVIEW_FreeRTOS.o
 .text._cbGetTime
                0x0000000008004e10       0x78 ./common/ThirdParty/SEGGER/OS/SEGGER_SYSVIEW_FreeRTOS.o
 .text.SYSVIEW_AddTask
                0x0000000008004e88       0xd0 ./common/ThirdParty/SEGGER/OS/SEGGER_SYSVIEW_FreeRTOS.o
                0x0000000008004e88                SYSVIEW_AddTask
 .text.SYSVIEW_SendTaskInfo
                0x0000000008004f58       0x42 ./common/ThirdParty/SEGGER/OS/SEGGER_SYSVIEW_FreeRTOS.o
                0x0000000008004f58                SYSVIEW_SendTaskInfo
 *fill*         0x0000000008004f9a        0x2 
 .text._DoInit  0x0000000008004f9c       0xb0 ./common/ThirdParty/SEGGER/SEGGER/SEGGER_RTT.o
 .text.SEGGER_RTT_ReadNoLock
                0x000000000800504c      0x10c ./common/ThirdParty/SEGGER/SEGGER/SEGGER_RTT.o
                0x000000000800504c                SEGGER_RTT_ReadNoLock
 .text.SEGGER_RTT_AllocUpBuffer
                0x0000000008005158      0x108 ./common/ThirdParty/SEGGER/SEGGER/SEGGER_RTT.o
                0x0000000008005158                SEGGER_RTT_AllocUpBuffer
 .text.SEGGER_RTT_ConfigDownBuffer
                0x0000000008005260       0xe0 ./common/ThirdParty/SEGGER/SEGGER/SEGGER_RTT.o
                0x0000000008005260                SEGGER_RTT_ConfigDownBuffer
 .text._EncodeStr
                0x0000000008005340       0x9a ./common/ThirdParty/SEGGER/SEGGER/SEGGER_SYSVIEW.o
 .text._PreparePacket
                0x00000000080053da       0x18 ./common/ThirdParty/SEGGER/SEGGER/SEGGER_SYSVIEW.o
 *fill*         0x00000000080053f2        0x2 
 .text._HandleIncomingPacket
                0x00000000080053f4       0xe4 ./common/ThirdParty/SEGGER/SEGGER/SEGGER_SYSVIEW.o
 .text._TrySendOverflowPacket
                0x00000000080054d8       0xe4 ./common/ThirdParty/SEGGER/SEGGER/SEGGER_SYSVIEW.o
 .text._SendPacket
                0x00000000080055bc      0x1cc ./common/ThirdParty/SEGGER/SEGGER/SEGGER_SYSVIEW.o
 .text._StoreChar
                0x0000000008005788       0xf6 ./common/ThirdParty/SEGGER/SEGGER/SEGGER_SYSVIEW.o
 *fill*         0x000000000800587e        0x2 
 .text._PrintUnsigned
                0x0000000008005880      0x12c ./common/ThirdParty/SEGGER/SEGGER/SEGGER_SYSVIEW.o
 .text._PrintInt
                0x00000000080059ac      0x11e ./common/ThirdParty/SEGGER/SEGGER/SEGGER_SYSVIEW.o
 *fill*         0x0000000008005aca        0x2 
 .text._VPrintTarget
                0x0000000008005acc      0x3f0 ./common/ThirdParty/SEGGER/SEGGER/SEGGER_SYSVIEW.o
 .text.SEGGER_SYSVIEW_Init
                0x0000000008005ebc       0x8c ./common/ThirdParty/SEGGER/SEGGER/SEGGER_SYSVIEW.o
                0x0000000008005ebc                SEGGER_SYSVIEW_Init
 .text.SEGGER_SYSVIEW_SetRAMBase
                0x0000000008005f48       0x20 ./common/ThirdParty/SEGGER/SEGGER/SEGGER_SYSVIEW.o
                0x0000000008005f48                SEGGER_SYSVIEW_SetRAMBase
 .text.SEGGER_SYSVIEW_RecordVoid
                0x0000000008005f68       0x3c ./common/ThirdParty/SEGGER/SEGGER/SEGGER_SYSVIEW.o
                0x0000000008005f68                SEGGER_SYSVIEW_RecordVoid
 .text.SEGGER_SYSVIEW_RecordU32
                0x0000000008005fa4       0x78 ./common/ThirdParty/SEGGER/SEGGER/SEGGER_SYSVIEW.o
                0x0000000008005fa4                SEGGER_SYSVIEW_RecordU32
 .text.SEGGER_SYSVIEW_RecordU32x2
                0x000000000800601c       0xb4 ./common/ThirdParty/SEGGER/SEGGER/SEGGER_SYSVIEW.o
                0x000000000800601c                SEGGER_SYSVIEW_RecordU32x2
 .text.SEGGER_SYSVIEW_RecordU32x3
                0x00000000080060d0       0xec ./common/ThirdParty/SEGGER/SEGGER/SEGGER_SYSVIEW.o
                0x00000000080060d0                SEGGER_SYSVIEW_RecordU32x3
 .text.SEGGER_SYSVIEW_RecordU32x4
                0x00000000080061bc      0x124 ./common/ThirdParty/SEGGER/SEGGER/SEGGER_SYSVIEW.o
                0x00000000080061bc                SEGGER_SYSVIEW_RecordU32x4
 .text.SEGGER_SYSVIEW_Start
                0x00000000080062e0      0x174 ./common/ThirdParty/SEGGER/SEGGER/SEGGER_SYSVIEW.o
                0x00000000080062e0                SEGGER_SYSVIEW_Start
 .text.SEGGER_SYSVIEW_Stop
                0x0000000008006454       0x4c ./common/ThirdParty/SEGGER/SEGGER/SEGGER_SYSVIEW.o
                0x0000000008006454                SEGGER_SYSVIEW_Stop
 .text.SEGGER_SYSVIEW_GetSysDesc
                0x00000000080064a0      0x134 ./common/ThirdParty/SEGGER/SEGGER/SEGGER_SYSVIEW.o
                0x00000000080064a0                SEGGER_SYSVIEW_GetSysDesc
 .text.SEGGER_SYSVIEW_SendTaskInfo
                0x00000000080065d4      0x1c8 ./common/ThirdParty/SEGGER/SEGGER/SEGGER_SYSVIEW.o
                0x00000000080065d4                SEGGER_SYSVIEW_SendTaskInfo
 .text.SEGGER_SYSVIEW_SendTaskList
                0x000000000800679c       0x28 ./common/ThirdParty/SEGGER/SEGGER/SEGGER_SYSVIEW.o
                0x000000000800679c                SEGGER_SYSVIEW_SendTaskList
 .text.SEGGER_SYSVIEW_SendSysDesc
                0x00000000080067c4       0x48 ./common/ThirdParty/SEGGER/SEGGER/SEGGER_SYSVIEW.o
                0x00000000080067c4                SEGGER_SYSVIEW_SendSysDesc
 .text.SEGGER_SYSVIEW_RecordSystime
                0x000000000800680c       0x64 ./common/ThirdParty/SEGGER/SEGGER/SEGGER_SYSVIEW.o
                0x000000000800680c                SEGGER_SYSVIEW_RecordSystime
 .text.SEGGER_SYSVIEW_RecordEnterISR
                0x0000000008006870       0x84 ./common/ThirdParty/SEGGER/SEGGER/SEGGER_SYSVIEW.o
                0x0000000008006870                SEGGER_SYSVIEW_RecordEnterISR
 .text.SEGGER_SYSVIEW_RecordExitISR
                0x00000000080068f4       0x38 ./common/ThirdParty/SEGGER/SEGGER/SEGGER_SYSVIEW.o
                0x00000000080068f4                SEGGER_SYSVIEW_RecordExitISR
 .text.SEGGER_SYSVIEW_RecordExitISRToScheduler
                0x000000000800692c       0x38 ./common/ThirdParty/SEGGER/SEGGER/SEGGER_SYSVIEW.o
                0x000000000800692c                SEGGER_SYSVIEW_RecordExitISRToScheduler
 .text.SEGGER_SYSVIEW_OnIdle
                0x0000000008006964       0x38 ./common/ThirdParty/SEGGER/SEGGER/SEGGER_SYSVIEW.o
                0x0000000008006964                SEGGER_SYSVIEW_OnIdle
 .text.SEGGER_SYSVIEW_OnTaskCreate
                0x000000000800699c       0x84 ./common/ThirdParty/SEGGER/SEGGER/SEGGER_SYSVIEW.o
                0x000000000800699c                SEGGER_SYSVIEW_OnTaskCreate
 .text.SEGGER_SYSVIEW_OnTaskStartExec
                0x0000000008006a20       0x84 ./common/ThirdParty/SEGGER/SEGGER/SEGGER_SYSVIEW.o
                0x0000000008006a20                SEGGER_SYSVIEW_OnTaskStartExec
 .text.SEGGER_SYSVIEW_OnTaskStartReady
                0x0000000008006aa4       0x84 ./common/ThirdParty/SEGGER/SEGGER/SEGGER_SYSVIEW.o
                0x0000000008006aa4                SEGGER_SYSVIEW_OnTaskStartReady
 .text.SEGGER_SYSVIEW_OnTaskStopReady
                0x0000000008006b28       0xc0 ./common/ThirdParty/SEGGER/SEGGER/SEGGER_SYSVIEW.o
                0x0000000008006b28                SEGGER_SYSVIEW_OnTaskStopReady
 .text.SEGGER_SYSVIEW_ShrinkId
                0x0000000008006be8       0x20 ./common/ThirdParty/SEGGER/SEGGER/SEGGER_SYSVIEW.o
                0x0000000008006be8                SEGGER_SYSVIEW_ShrinkId
 .text.SEGGER_SYSVIEW_SendModule
                0x0000000008006c08      0x100 ./common/ThirdParty/SEGGER/SEGGER/SEGGER_SYSVIEW.o
                0x0000000008006c08                SEGGER_SYSVIEW_SendModule
 .text.SEGGER_SYSVIEW_SendModuleDescription
                0x0000000008006d08       0x3c ./common/ThirdParty/SEGGER/SEGGER/SEGGER_SYSVIEW.o
                0x0000000008006d08                SEGGER_SYSVIEW_SendModuleDescription
 .text.SEGGER_SYSVIEW_SendNumModules
                0x0000000008006d44       0x7c ./common/ThirdParty/SEGGER/SEGGER/SEGGER_SYSVIEW.o
                0x0000000008006d44                SEGGER_SYSVIEW_SendNumModules
 .text.SEGGER_SYSVIEW_PrintfTarget
                0x0000000008006dc0       0x28 ./common/ThirdParty/SEGGER/SEGGER/SEGGER_SYSVIEW.o
                0x0000000008006dc0                SEGGER_SYSVIEW_PrintfTarget
 .text.SEGGER_SYSVIEW_Warn
                0x0000000008006de8       0xb8 ./common/ThirdParty/SEGGER/SEGGER/SEGGER_SYSVIEW.o
                0x0000000008006de8                SEGGER_SYSVIEW_Warn
 .text.__libc_init_array
                0x0000000008006ea0       0x48 c:/st/stm32cubeide_1.7.0/stm32cubeide/plugins/com.st.stm32cube.ide.mcu.externaltools.gnu-tools-for-stm32.9-2020-q2-update.win32_2.0.0.202105311346/tools/bin/../lib/gcc/arm-none-eabi/9.3.1/../../../../arm-none-eabi/lib/thumb/v7e-m+fp/hard\libc_nano.a(lib_a-init.o)
                0x0000000008006ea0                __libc_init_array
 .text.memcmp   0x0000000008006ee8       0x1c c:/st/stm32cubeide_1.7.0/stm32cubeide/plugins/com.st.stm32cube.ide.mcu.externaltools.gnu-tools-for-stm32.9-2020-q2-update.win32_2.0.0.202105311346/tools/bin/../lib/gcc/arm-none-eabi/9.3.1/../../../../arm-none-eabi/lib/thumb/v7e-m+fp/hard\libc_nano.a(lib_a-memcmp.o)
                0x0000000008006ee8                memcmp
 .text.memcpy   0x0000000008006f04       0x1c c:/st/stm32cubeide_1.7.0/stm32cubeide/plugins/com.st.stm32cube.ide.mcu.externaltools.gnu-tools-for-stm32.9-2020-q2-update.win32_2.0.0.202105311346/tools/bin/../lib/gcc/arm-none-eabi/9.3.1/../../../../arm-none-eabi/lib/thumb/v7e-m+fp/hard\libc_nano.a(lib_a-memcpy-stub.o)
                0x0000000008006f04                memcpy
 .text.memset   0x0000000008006f20       0x10 c:/st/stm32cubeide_1.7.0/stm32cubeide/plugins/com.st.stm32cube.ide.mcu.externaltools.gnu-tools-for-stm32.9-2020-q2-update.win32_2.0.0.202105311346/tools/bin/../lib/gcc/arm-none-eabi/9.3.1/../../../../arm-none-eabi/lib/thumb/v7e-m+fp/hard\libc_nano.a(lib_a-memset.o)
                0x0000000008006f20                memset
 *(.glue_7)
 .glue_7        0x0000000008006f30        0x0 linker stubs
 *(.glue_7t)
 .glue_7t       0x0000000008006f30        0x0 linker stubs
 *(.eh_frame)
 .eh_frame      0x0000000008006f30        0x0 c:/st/stm32cubeide_1.7.0/stm32cubeide/plugins/com.st.stm32cube.ide.mcu.externaltools.gnu-tools-for-stm32.9-2020-q2-update.win32_2.0.0.202105311346/tools/bin/../lib/gcc/arm-none-eabi/9.3.1/thumb/v7e-m+fp/hard/crtbegin.o
 *(.init)
 .init          0x0000000008006f30        0x4 c:/st/stm32cubeide_1.7.0/stm32cubeide/plugins/com.st.stm32cube.ide.mcu.externaltools.gnu-tools-for-stm32.9-2020-q2-update.win32_2.0.0.202105311346/tools/bin/../lib/gcc/arm-none-eabi/9.3.1/thumb/v7e-m+fp/hard/crti.o
                0x0000000008006f30                _init
 .init          0x0000000008006f34        0x8 c:/st/stm32cubeide_1.7.0/stm32cubeide/plugins/com.st.stm32cube.ide.mcu.externaltools.gnu-tools-for-stm32.9-2020-q2-update.win32_2.0.0.202105311346/tools/bin/../lib/gcc/arm-none-eabi/9.3.1/thumb/v7e-m+fp/hard/crtn.o
 *(.fini)
 .fini          0x0000000008006f3c        0x4 c:/st/stm32cubeide_1.7.0/stm32cubeide/plugins/com.st.stm32cube.ide.mcu.externaltools.gnu-tools-for-stm32.9-2020-q2-update.win32_2.0.0.202105311346/tools/bin/../lib/gcc/arm-none-eabi/9.3.1/thumb/v7e-m+fp/hard/crti.o
                0x0000000008006f3c                _fini
 .fini          0x0000000008006f40        0x8 c:/st/stm32cubeide_1.7.0/stm32cubeide/plugins/com.st.stm32cube.ide.mcu.externaltools.gnu-tools-for-stm32.9-2020-q2-update.win32_2.0.0.202105311346/tools/bin/../lib/gcc/arm-none-eabi/9.3.1/thumb/v7e-m+fp/hard/crtn.o
                0x0000000008006f48                . = ALIGN (0x4)
                0x0000000008006f48                _etext = .

.vfp11_veneer   0x0000000008006f48        0x0
 .vfp11_veneer  0x0000000008006f48        0x0 linker stubs

.v4_bx          0x0000000008006f48        0x0
 .v4_bx         0x0000000008006f48        0x0 linker stubs

.iplt           0x0000000008006f48        0x0
 .iplt          0x0000000008006f48        0x0 c:/st/stm32cubeide_1.7.0/stm32cubeide/plugins/com.st.stm32cube.ide.mcu.externaltools.gnu-tools-for-stm32.9-2020-q2-update.win32_2.0.0.202105311346/tools/bin/../lib/gcc/arm-none-eabi/9.3.1/thumb/v7e-m+fp/hard/crtbegin.o

.rodata         0x0000000008006f48      0x168
                0x0000000008006f48                . = ALIGN (0x4)
 *(.rodata)
 .rodata        0x0000000008006f48       0x45 ./Core/Src/main.o
 *fill*         0x0000000008006f8d        0x3 
 .rodata        0x0000000008006f90        0x5 ./common/ThirdParty/FreeRTOS/tasks.o
 *fill*         0x0000000008006f95        0x3 
 .rodata        0x0000000008006f98        0xd ./common/ThirdParty/FreeRTOS/timers.o
 *fill*         0x0000000008006fa5        0x3 
 .rodata        0x0000000008006fa8       0x51 ./common/ThirdParty/SEGGER/Config/SEGGER_SYSVIEW_Config_FreeRTOS.o
 *fill*         0x0000000008006ff9        0x3 
 .rodata        0x0000000008006ffc       0x58 ./common/ThirdParty/SEGGER/OS/SEGGER_SYSVIEW_FreeRTOS.o
 .rodata        0x0000000008007054       0x17 ./common/ThirdParty/SEGGER/SEGGER/SEGGER_RTT.o
 *fill*         0x000000000800706b        0x1 
 .rodata        0x000000000800706c        0x8 ./common/ThirdParty/SEGGER/SEGGER/SEGGER_SYSVIEW.o
 *(.rodata*)
 .rodata.AHBPrescTable
                0x0000000008007074       0x10 ./Core/Src/system_stm32f4xx.o
                0x0000000008007074                AHBPrescTable
 .rodata.APBPrescTable
                0x0000000008007084        0x8 ./Core/Src/system_stm32f4xx.o
                0x0000000008007084                APBPrescTable
 .rodata.SYSVIEW_X_OS_TraceAPI
                0x000000000800708c        0x8 ./common/ThirdParty/SEGGER/OS/SEGGER_SYSVIEW_FreeRTOS.o
                0x000000000800708c                SYSVIEW_X_OS_TraceAPI
 .rodata._abSync
                0x0000000008007094        0xa ./common/ThirdParty/SEGGER/SEGGER/SEGGER_SYSVIEW.o
 *fill*         0x000000000800709e        0x2 
 .rodata._aV2C.7074
                0x00000000080070a0       0x10 ./common/ThirdParty/SEGGER/SEGGER/SEGGER_SYSVIEW.o
                0x00000000080070b0                . = ALIGN (0x4)

.ARM.extab      0x00000000080070b0        0x0
                0x00000000080070b0                . = ALIGN (0x4)
 *(.ARM.extab* .gnu.linkonce.armextab.*)
                0x00000000080070b0                . = ALIGN (0x4)

.ARM            0x00000000080070b0        0x8
                0x00000000080070b0                . = ALIGN (0x4)
                0x00000000080070b0                __exidx_start = .
 *(.ARM.exidx*)
 .ARM.exidx     0x00000000080070b0        0x8 c:/st/stm32cubeide_1.7.0/stm32cubeide/plugins/com.st.stm32cube.ide.mcu.externaltools.gnu-tools-for-stm32.9-2020-q2-update.win32_2.0.0.202105311346/tools/bin/../lib/gcc/arm-none-eabi/9.3.1/thumb/v7e-m+fp/hard\libgcc.a(_udivmoddi4.o)
                0x00000000080070b8                __exidx_end = .
                0x00000000080070b8                . = ALIGN (0x4)

.rel.dyn        0x00000000080070b8        0x0
 .rel.iplt      0x00000000080070b8        0x0 c:/st/stm32cubeide_1.7.0/stm32cubeide/plugins/com.st.stm32cube.ide.mcu.externaltools.gnu-tools-for-stm32.9-2020-q2-update.win32_2.0.0.202105311346/tools/bin/../lib/gcc/arm-none-eabi/9.3.1/thumb/v7e-m+fp/hard/crtbegin.o

.preinit_array  0x00000000080070b8        0x0
                0x00000000080070b8                . = ALIGN (0x4)
                0x00000000080070b8                PROVIDE (__preinit_array_start = .)
 *(.preinit_array*)
                0x00000000080070b8                PROVIDE (__preinit_array_end = .)
                0x00000000080070b8                . = ALIGN (0x4)

.init_array     0x00000000080070b8        0x4
                0x00000000080070b8                . = ALIGN (0x4)
                0x00000000080070b8                PROVIDE (__init_array_start = .)
 *(SORT_BY_NAME(.init_array.*))
 *(.init_array*)
 .init_array    0x00000000080070b8        0x4 c:/st/stm32cubeide_1.7.0/stm32cubeide/plugins/com.st.stm32cube.ide.mcu.externaltools.gnu-tools-for-stm32.9-2020-q2-update.win32_2.0.0.202105311346/tools/bin/../lib/gcc/arm-none-eabi/9.3.1/thumb/v7e-m+fp/hard/crtbegin.o
                0x00000000080070bc                PROVIDE (__init_array_end = .)
                0x00000000080070bc                . = ALIGN (0x4)

.fini_array     0x00000000080070bc        0x4
                0x00000000080070bc                . = ALIGN (0x4)
                [!provide]                        PROVIDE (__fini_array_start = .)
 *(SORT_BY_NAME(.fini_array.*))
 *(.fini_array*)
 .fini_array    0x00000000080070bc        0x4 c:/st/stm32cubeide_1.7.0/stm32cubeide/plugins/com.st.stm32cube.ide.mcu.externaltools.gnu-tools-for-stm32.9-2020-q2-update.win32_2.0.0.202105311346/tools/bin/../lib/gcc/arm-none-eabi/9.3.1/thumb/v7e-m+fp/hard/crtbegin.o
                [!provide]                        PROVIDE (__fini_array_end = .)
                0x00000000080070c0                . = ALIGN (0x4)
                0x00000000080070c0                _sidata = LOADADDR (.data)

.data           0x0000000020000000       0x14 load address 0x00000000080070c0
                0x0000000020000000                . = ALIGN (0x4)
                0x0000000020000000                _sdata = .
 *(.data)
 *(.data*)
 .data.SystemCoreClock
                0x0000000020000000        0x4 ./Core/Src/system_stm32f4xx.o
                0x0000000020000000                SystemCoreClock
 .data.uwTickPrio
                0x0000000020000004        0x4 ./Drivers/STM32F4xx_HAL_Driver/Src/stm32f4xx_hal.o
                0x0000000020000004                uwTickPrio
 .data.uwTickFreq
                0x0000000020000008        0x1 ./Drivers/STM32F4xx_HAL_Driver/Src/stm32f4xx_hal.o
                0x0000000020000008                uwTickFreq
 *fill*         0x0000000020000009        0x3 
 .data.uxTopUsedPriority
                0x000000002000000c        0x4 ./common/ThirdParty/FreeRTOS/tasks.o
                0x000000002000000c                uxTopUsedPriority
 .data.uxCriticalNesting
                0x0000000020000010        0x4 ./common/ThirdParty/FreeRTOS/portable/GCC/ARM_CM4F/port.o
 *(.RamFunc)
 *(.RamFunc*)
                0x0000000020000014                . = ALIGN (0x4)
                0x0000000020000014                _edata = .
                0x00000000080070d4                _siccmram = LOADADDR (.ccmram)

.igot.plt       0x0000000020000014        0x0 load address 0x00000000080070d4
 .igot.plt      0x0000000020000014        0x0 c:/st/stm32cubeide_1.7.0/stm32cubeide/plugins/com.st.stm32cube.ide.mcu.externaltools.gnu-tools-for-stm32.9-2020-q2-update.win32_2.0.0.202105311346/tools/bin/../lib/gcc/arm-none-eabi/9.3.1/thumb/v7e-m+fp/hard/crtbegin.o

.ccmram         0x0000000010000000        0x0 load address 0x00000000080070d4
                0x0000000010000000                . = ALIGN (0x4)
                0x0000000010000000                _sccmram = .
 *(.ccmram)
 *(.ccmram*)
                0x0000000010000000                . = ALIGN (0x4)
                0x0000000010000000                _eccmram = .
                0x0000000010000000                . = ALIGN (0x4)

.bss            0x0000000020000014    0x14488
                0x0000000020000014                _sbss = .
                0x0000000020000014                __bss_start__ = _sbss
 *(.bss)
 .bss           0x0000000020000014       0x1c c:/st/stm32cubeide_1.7.0/stm32cubeide/plugins/com.st.stm32cube.ide.mcu.externaltools.gnu-tools-for-stm32.9-2020-q2-update.win32_2.0.0.202105311346/tools/bin/../lib/gcc/arm-none-eabi/9.3.1/thumb/v7e-m+fp/hard/crtbegin.o
 *(.bss*)
 .bss.pxCurrentTCB
                0x0000000020000030        0x4 ./common/ThirdParty/FreeRTOS/tasks.o
                0x0000000020000030                pxCurrentTCB
 .bss.pxReadyTasksLists
                0x0000000020000034       0x64 ./common/ThirdParty/FreeRTOS/tasks.o
 .bss.xDelayedTaskList1
                0x0000000020000098       0x14 ./common/ThirdParty/FreeRTOS/tasks.o
 .bss.xDelayedTaskList2
                0x00000000200000ac       0x14 ./common/ThirdParty/FreeRTOS/tasks.o
 .bss.pxDelayedTaskList
                0x00000000200000c0        0x4 ./common/ThirdParty/FreeRTOS/tasks.o
 .bss.pxOverflowDelayedTaskList
                0x00000000200000c4        0x4 ./common/ThirdParty/FreeRTOS/tasks.o
 .bss.xPendingReadyList
                0x00000000200000c8       0x14 ./common/ThirdParty/FreeRTOS/tasks.o
 .bss.xTasksWaitingTermination
                0x00000000200000dc       0x14 ./common/ThirdParty/FreeRTOS/tasks.o
 .bss.uxDeletedTasksWaitingCleanUp
                0x00000000200000f0        0x4 ./common/ThirdParty/FreeRTOS/tasks.o
 .bss.xSuspendedTaskList
                0x00000000200000f4       0x14 ./common/ThirdParty/FreeRTOS/tasks.o
 .bss.uxCurrentNumberOfTasks
                0x0000000020000108        0x4 ./common/ThirdParty/FreeRTOS/tasks.o
 .bss.xTickCount
                0x000000002000010c        0x4 ./common/ThirdParty/FreeRTOS/tasks.o
 .bss.uxTopReadyPriority
                0x0000000020000110        0x4 ./common/ThirdParty/FreeRTOS/tasks.o
 .bss.xSchedulerRunning
                0x0000000020000114        0x4 ./common/ThirdParty/FreeRTOS/tasks.o
 .bss.xPendedTicks
                0x0000000020000118        0x4 ./common/ThirdParty/FreeRTOS/tasks.o
 .bss.xYieldPending
                0x000000002000011c        0x4 ./common/ThirdParty/FreeRTOS/tasks.o
 .bss.xNumOfOverflows
                0x0000000020000120        0x4 ./common/ThirdParty/FreeRTOS/tasks.o
 .bss.uxTaskNumber
                0x0000000020000124        0x4 ./common/ThirdParty/FreeRTOS/tasks.o
 .bss.xNextTaskUnblockTime
                0x0000000020000128        0x4 ./common/ThirdParty/FreeRTOS/tasks.o
 .bss.xIdleTaskHandle
                0x000000002000012c        0x4 ./common/ThirdParty/FreeRTOS/tasks.o
 .bss.uxSchedulerSuspended
                0x0000000020000130        0x4 ./common/ThirdParty/FreeRTOS/tasks.o
 .bss.xActiveTimerList1
                0x0000000020000134       0x14 ./common/ThirdParty/FreeRTOS/timers.o
 .bss.xActiveTimerList2
                0x0000000020000148       0x14 ./common/ThirdParty/FreeRTOS/timers.o
 .bss.pxCurrentTimerList
                0x000000002000015c        0x4 ./common/ThirdParty/FreeRTOS/timers.o
 .bss.pxOverflowTimerList
                0x0000000020000160        0x4 ./common/ThirdParty/FreeRTOS/timers.o
 .bss.xTimerQueue
                0x0000000020000164        0x4 ./common/ThirdParty/FreeRTOS/timers.o
 .bss.xTimerTaskHandle
                0x0000000020000168        0x4 ./common/ThirdParty/FreeRTOS/timers.o
 .bss.xLastTime.7308
                0x000000002000016c        0x4 ./common/ThirdParty/FreeRTOS/timers.o
 .bss.ucMaxSysCallPriority
                0x0000000020000170        0x1 ./common/ThirdParty/FreeRTOS/portable/GCC/ARM_CM4F/port.o
 *fill*         0x0000000020000171        0x3 
 .bss.ulMaxPRIGROUPValue
                0x0000000020000174        0x4 ./common/ThirdParty/FreeRTOS/portable/GCC/ARM_CM4F/port.o
 .bss.ucHeap    0x0000000020000178    0x12c00 ./common/ThirdParty/FreeRTOS/portable/MemMang/heap_4.o
 .bss.xStart    0x0000000020012d78        0x8 ./common/ThirdParty/FreeRTOS/portable/MemMang/heap_4.o
 .bss.pxEnd     0x0000000020012d80        0x4 ./common/ThirdParty/FreeRTOS/portable/MemMang/heap_4.o
 .bss.xFreeBytesRemaining
                0x0000000020012d84        0x4 ./common/ThirdParty/FreeRTOS/portable/MemMang/heap_4.o
 .bss.xMinimumEverFreeBytesRemaining
                0x0000000020012d88        0x4 ./common/ThirdParty/FreeRTOS/portable/MemMang/heap_4.o
 .bss.xNumberOfSuccessfulAllocations
                0x0000000020012d8c        0x4 ./common/ThirdParty/FreeRTOS/portable/MemMang/heap_4.o
 .bss.xNumberOfSuccessfulFrees
                0x0000000020012d90        0x4 ./common/ThirdParty/FreeRTOS/portable/MemMang/heap_4.o
 .bss.xBlockAllocatedBit
                0x0000000020012d94        0x4 ./common/ThirdParty/FreeRTOS/portable/MemMang/heap_4.o
 .bss._aTasks   0x0000000020012d98       0xa0 ./common/ThirdParty/SEGGER/OS/SEGGER_SYSVIEW_FreeRTOS.o
 .bss._NumTasks
                0x0000000020012e38        0x4 ./common/ThirdParty/SEGGER/OS/SEGGER_SYSVIEW_FreeRTOS.o
 .bss._acUpBuffer
                0x0000000020012e3c      0x400 ./common/ThirdParty/SEGGER/SEGGER/SEGGER_RTT.o
 .bss._acDownBuffer
                0x000000002001323c       0x10 ./common/ThirdParty/SEGGER/SEGGER/SEGGER_RTT.o
 .bss._UpBuffer
                0x000000002001324c     0x1000 ./common/ThirdParty/SEGGER/SEGGER/SEGGER_SYSVIEW.o
 .bss._DownBuffer
                0x000000002001424c        0x8 ./common/ThirdParty/SEGGER/SEGGER/SEGGER_SYSVIEW.o
 .bss._SYSVIEW_Globals
                0x0000000020014254       0x28 ./common/ThirdParty/SEGGER/SEGGER/SEGGER_SYSVIEW.o
 .bss._pFirstModule
                0x000000002001427c        0x4 ./common/ThirdParty/SEGGER/SEGGER/SEGGER_SYSVIEW.o
 .bss._NumModules
                0x0000000020014280        0x1 ./common/ThirdParty/SEGGER/SEGGER/SEGGER_SYSVIEW.o
 *fill*         0x0000000020014281        0x3 
 .bss._aPacket  0x0000000020014284       0xe3 ./common/ThirdParty/SEGGER/SEGGER/SEGGER_SYSVIEW.o
 *(COMMON)
 *fill*         0x0000000020014367        0x1 
 COMMON         0x0000000020014368       0x48 ./Core/Src/stm32f4xx_hal_timebase_tim.o
                0x0000000020014368                htim6
 COMMON         0x00000000200143b0        0x4 ./Drivers/STM32F4xx_HAL_Driver/Src/stm32f4xx_hal.o
                0x00000000200143b0                uwTick
 COMMON         0x00000000200143b4       0x40 ./common/ThirdParty/FreeRTOS/queue.o
                0x00000000200143b4                xQueueRegistry
 COMMON         0x00000000200143f4       0xa8 ./common/ThirdParty/SEGGER/SEGGER/SEGGER_RTT.o
                0x00000000200143f4                _SEGGER_RTT
                0x000000002001449c                . = ALIGN (0x4)
                0x000000002001449c                _ebss = .
                0x000000002001449c                __bss_end__ = _ebss

._user_heap_stack
                0x000000002001449c      0x604
                0x00000000200144a0                . = ALIGN (0x8)
 *fill*         0x000000002001449c        0x4 
                [!provide]                        PROVIDE (end = .)
                0x00000000200144a0                PROVIDE (_end = .)
                0x00000000200146a0                . = (. + _Min_Heap_Size)
 *fill*         0x00000000200144a0      0x200 
                0x0000000020014aa0                . = (. + _Min_Stack_Size)
 *fill*         0x00000000200146a0      0x400 
                0x0000000020014aa0                . = ALIGN (0x8)

/DISCARD/
 libc.a(*)
 libm.a(*)
 libgcc.a(*)

.ARM.attributes
                0x0000000000000000       0x30
 *(.ARM.attributes)
 .ARM.attributes
                0x0000000000000000       0x1e c:/st/stm32cubeide_1.7.0/stm32cubeide/plugins/com.st.stm32cube.ide.mcu.externaltools.gnu-tools-for-stm32.9-2020-q2-update.win32_2.0.0.202105311346/tools/bin/../lib/gcc/arm-none-eabi/9.3.1/thumb/v7e-m+fp/hard/crti.o
 .ARM.attributes
                0x000000000000001e       0x34 c:/st/stm32cubeide_1.7.0/stm32cubeide/plugins/com.st.stm32cube.ide.mcu.externaltools.gnu-tools-for-stm32.9-2020-q2-update.win32_2.0.0.202105311346/tools/bin/../lib/gcc/arm-none-eabi/9.3.1/thumb/v7e-m+fp/hard/crtbegin.o
 .ARM.attributes
                0x0000000000000052       0x34 ./Core/Src/main.o
 .ARM.attributes
                0x0000000000000086       0x34 ./Core/Src/stm32f4xx_hal_msp.o
 .ARM.attributes
                0x00000000000000ba       0x34 ./Core/Src/stm32f4xx_hal_timebase_tim.o
 .ARM.attributes
                0x00000000000000ee       0x34 ./Core/Src/stm32f4xx_it.o
 .ARM.attributes
                0x0000000000000122       0x34 ./Core/Src/system_stm32f4xx.o
 .ARM.attributes
                0x0000000000000156       0x21 ./Core/Startup/startup_stm32f429zitx.o
 .ARM.attributes
                0x0000000000000177       0x34 ./Drivers/STM32F4xx_HAL_Driver/Src/stm32f4xx_hal.o
 .ARM.attributes
                0x00000000000001ab       0x34 ./Drivers/STM32F4xx_HAL_Driver/Src/stm32f4xx_hal_cortex.o
 .ARM.attributes
                0x00000000000001df       0x34 ./Drivers/STM32F4xx_HAL_Driver/Src/stm32f4xx_hal_gpio.o
 .ARM.attributes
                0x0000000000000213       0x34 ./Drivers/STM32F4xx_HAL_Driver/Src/stm32f4xx_hal_rcc.o
 .ARM.attributes
                0x0000000000000247       0x34 ./Drivers/STM32F4xx_HAL_Driver/Src/stm32f4xx_hal_tim.o
 .ARM.attributes
                0x000000000000027b       0x34 ./Drivers/STM32F4xx_HAL_Driver/Src/stm32f4xx_hal_tim_ex.o
 .ARM.attributes
                0x00000000000002af       0x34 ./common/ThirdParty/FreeRTOS/list.o
 .ARM.attributes
                0x00000000000002e3       0x34 ./common/ThirdParty/FreeRTOS/queue.o
 .ARM.attributes
                0x0000000000000317       0x34 ./common/ThirdParty/FreeRTOS/tasks.o
 .ARM.attributes
                0x000000000000034b       0x34 ./common/ThirdParty/FreeRTOS/timers.o
 .ARM.attributes
                0x000000000000037f       0x34 ./common/ThirdParty/FreeRTOS/portable/GCC/ARM_CM4F/port.o
 .ARM.attributes
                0x00000000000003b3       0x34 ./common/ThirdParty/FreeRTOS/portable/MemMang/heap_4.o
 .ARM.attributes
                0x00000000000003e7       0x34 ./common/ThirdParty/SEGGER/Config/SEGGER_SYSVIEW_Config_FreeRTOS.o
 .ARM.attributes
                0x000000000000041b       0x34 ./common/ThirdParty/SEGGER/OS/SEGGER_SYSVIEW_FreeRTOS.o
 .ARM.attributes
                0x000000000000044f       0x34 ./common/ThirdParty/SEGGER/SEGGER/SEGGER_RTT.o
 .ARM.attributes
                0x0000000000000483       0x20 ./common/ThirdParty/SEGGER/SEGGER/SEGGER_RTT_ASM_ARMv7M.o
 .ARM.attributes
                0x00000000000004a3       0x34 ./common/ThirdParty/SEGGER/SEGGER/SEGGER_SYSVIEW.o
 .ARM.attributes
                0x00000000000004d7       0x34 c:/st/stm32cubeide_1.7.0/stm32cubeide/plugins/com.st.stm32cube.ide.mcu.externaltools.gnu-tools-for-stm32.9-2020-q2-update.win32_2.0.0.202105311346/tools/bin/../lib/gcc/arm-none-eabi/9.3.1/../../../../arm-none-eabi/lib/thumb/v7e-m+fp/hard\libc_nano.a(lib_a-init.o)
 .ARM.attributes
                0x000000000000050b       0x34 c:/st/stm32cubeide_1.7.0/stm32cubeide/plugins/com.st.stm32cube.ide.mcu.externaltools.gnu-tools-for-stm32.9-2020-q2-update.win32_2.0.0.202105311346/tools/bin/../lib/gcc/arm-none-eabi/9.3.1/../../../../arm-none-eabi/lib/thumb/v7e-m+fp/hard\libc_nano.a(lib_a-memcmp.o)
 .ARM.attributes
                0x000000000000053f       0x34 c:/st/stm32cubeide_1.7.0/stm32cubeide/plugins/com.st.stm32cube.ide.mcu.externaltools.gnu-tools-for-stm32.9-2020-q2-update.win32_2.0.0.202105311346/tools/bin/../lib/gcc/arm-none-eabi/9.3.1/../../../../arm-none-eabi/lib/thumb/v7e-m+fp/hard\libc_nano.a(lib_a-memcpy-stub.o)
 .ARM.attributes
                0x0000000000000573       0x34 c:/st/stm32cubeide_1.7.0/stm32cubeide/plugins/com.st.stm32cube.ide.mcu.externaltools.gnu-tools-for-stm32.9-2020-q2-update.win32_2.0.0.202105311346/tools/bin/../lib/gcc/arm-none-eabi/9.3.1/../../../../arm-none-eabi/lib/thumb/v7e-m+fp/hard\libc_nano.a(lib_a-memset.o)
 .ARM.attributes
                0x00000000000005a7       0x1e c:/st/stm32cubeide_1.7.0/stm32cubeide/plugins/com.st.stm32cube.ide.mcu.externaltools.gnu-tools-for-stm32.9-2020-q2-update.win32_2.0.0.202105311346/tools/bin/../lib/gcc/arm-none-eabi/9.3.1/thumb/v7e-m+fp/hard\libgcc.a(_aeabi_uldivmod.o)
 .ARM.attributes
                0x00000000000005c5       0x34 c:/st/stm32cubeide_1.7.0/stm32cubeide/plugins/com.st.stm32cube.ide.mcu.externaltools.gnu-tools-for-stm32.9-2020-q2-update.win32_2.0.0.202105311346/tools/bin/../lib/gcc/arm-none-eabi/9.3.1/thumb/v7e-m+fp/hard\libgcc.a(_udivmoddi4.o)
 .ARM.attributes
                0x00000000000005f9       0x1e c:/st/stm32cubeide_1.7.0/stm32cubeide/plugins/com.st.stm32cube.ide.mcu.externaltools.gnu-tools-for-stm32.9-2020-q2-update.win32_2.0.0.202105311346/tools/bin/../lib/gcc/arm-none-eabi/9.3.1/thumb/v7e-m+fp/hard\libgcc.a(_dvmd_tls.o)
 .ARM.attributes
                0x0000000000000617       0x1e c:/st/stm32cubeide_1.7.0/stm32cubeide/plugins/com.st.stm32cube.ide.mcu.externaltools.gnu-tools-for-stm32.9-2020-q2-update.win32_2.0.0.202105311346/tools/bin/../lib/gcc/arm-none-eabi/9.3.1/thumb/v7e-m+fp/hard/crtn.o
OUTPUT(002LED_Tasks.elf elf32-littlearm)
LOAD linker stubs
LOAD c:/st/stm32cubeide_1.7.0/stm32cubeide/plugins/com.st.stm32cube.ide.mcu.externaltools.gnu-tools-for-stm32.9-2020-q2-update.win32_2.0.0.202105311346/tools/bin/../lib/gcc/arm-none-eabi/9.3.1/../../../../arm-none-eabi/lib/thumb/v7e-m+fp/hard\libc.a
LOAD c:/st/stm32cubeide_1.7.0/stm32cubeide/plugins/com.st.stm32cube.ide.mcu.externaltools.gnu-tools-for-stm32.9-2020-q2-update.win32_2.0.0.202105311346/tools/bin/../lib/gcc/arm-none-eabi/9.3.1/../../../../arm-none-eabi/lib/thumb/v7e-m+fp/hard\libm.a
LOAD c:/st/stm32cubeide_1.7.0/stm32cubeide/plugins/com.st.stm32cube.ide.mcu.externaltools.gnu-tools-for-stm32.9-2020-q2-update.win32_2.0.0.202105311346/tools/bin/../lib/gcc/arm-none-eabi/9.3.1/thumb/v7e-m+fp/hard\libgcc.a

.debug_info     0x0000000000000000    0x183bc
 .debug_info    0x0000000000000000      0xf11 ./Core/Src/main.o
 .debug_info    0x0000000000000f11      0x3cf ./Core/Src/stm32f4xx_hal_msp.o
 .debug_info    0x00000000000012e0      0xcbe ./Core/Src/stm32f4xx_hal_timebase_tim.o
 .debug_info    0x0000000000001f9e      0x7cb ./Core/Src/stm32f4xx_it.o
 .debug_info    0x0000000000002769      0x5c0 ./Core/Src/system_stm32f4xx.o
 .debug_info    0x0000000000002d29       0x22 ./Core/Startup/startup_stm32f429zitx.o
 .debug_info    0x0000000000002d4b      0xa2a ./Drivers/STM32F4xx_HAL_Driver/Src/stm32f4xx_hal.o
 .debug_info    0x0000000000003775      0xf0d ./Drivers/STM32F4xx_HAL_Driver/Src/stm32f4xx_hal_cortex.o
 .debug_info    0x0000000000004682      0x85a ./Drivers/STM32F4xx_HAL_Driver/Src/stm32f4xx_hal_gpio.o
 .debug_info    0x0000000000004edc      0x9b2 ./Drivers/STM32F4xx_HAL_Driver/Src/stm32f4xx_hal_rcc.o
 .debug_info    0x000000000000588e     0x2c22 ./Drivers/STM32F4xx_HAL_Driver/Src/stm32f4xx_hal_tim.o
 .debug_info    0x00000000000084b0     0x15a2 ./Drivers/STM32F4xx_HAL_Driver/Src/stm32f4xx_hal_tim_ex.o
 .debug_info    0x0000000000009a52      0xb9a ./common/ThirdParty/FreeRTOS/list.o
 .debug_info    0x000000000000a5ec     0x1ffc ./common/ThirdParty/FreeRTOS/queue.o
 .debug_info    0x000000000000c5e8     0x2a1f ./common/ThirdParty/FreeRTOS/tasks.o
 .debug_info    0x000000000000f007     0x157f ./common/ThirdParty/FreeRTOS/timers.o
 .debug_info    0x0000000000010586      0x5b1 ./common/ThirdParty/FreeRTOS/portable/GCC/ARM_CM4F/port.o
 .debug_info    0x0000000000010b37      0xda4 ./common/ThirdParty/FreeRTOS/portable/MemMang/heap_4.o
 .debug_info    0x00000000000118db      0x131 ./common/ThirdParty/SEGGER/Config/SEGGER_SYSVIEW_Config_FreeRTOS.o
 .debug_info    0x0000000000011a0c      0xc58 ./common/ThirdParty/SEGGER/OS/SEGGER_SYSVIEW_FreeRTOS.o
 .debug_info    0x0000000000012664     0x1d4b ./common/ThirdParty/SEGGER/SEGGER/SEGGER_RTT.o
 .debug_info    0x00000000000143af       0x26 ./common/ThirdParty/SEGGER/SEGGER/SEGGER_RTT_ASM_ARMv7M.o
 .debug_info    0x00000000000143d5     0x3fe7 ./common/ThirdParty/SEGGER/SEGGER/SEGGER_SYSVIEW.o

.debug_abbrev   0x0000000000000000     0x30e4
 .debug_abbrev  0x0000000000000000      0x2ba ./Core/Src/main.o
 .debug_abbrev  0x00000000000002ba      0x11d ./Core/Src/stm32f4xx_hal_msp.o
 .debug_abbrev  0x00000000000003d7      0x1bf ./Core/Src/stm32f4xx_hal_timebase_tim.o
 .debug_abbrev  0x0000000000000596      0x176 ./Core/Src/stm32f4xx_it.o
 .debug_abbrev  0x000000000000070c      0x145 ./Core/Src/system_stm32f4xx.o
 .debug_abbrev  0x0000000000000851       0x12 ./Core/Startup/startup_stm32f429zitx.o
 .debug_abbrev  0x0000000000000863      0x1ed ./Drivers/STM32F4xx_HAL_Driver/Src/stm32f4xx_hal.o
 .debug_abbrev  0x0000000000000a50      0x33c ./Drivers/STM32F4xx_HAL_Driver/Src/stm32f4xx_hal_cortex.o
 .debug_abbrev  0x0000000000000d8c      0x1f1 ./Drivers/STM32F4xx_HAL_Driver/Src/stm32f4xx_hal_gpio.o
 .debug_abbrev  0x0000000000000f7d      0x275 ./Drivers/STM32F4xx_HAL_Driver/Src/stm32f4xx_hal_rcc.o
 .debug_abbrev  0x00000000000011f2      0x25e ./Drivers/STM32F4xx_HAL_Driver/Src/stm32f4xx_hal_tim.o
 .debug_abbrev  0x0000000000001450      0x266 ./Drivers/STM32F4xx_HAL_Driver/Src/stm32f4xx_hal_tim_ex.o
 .debug_abbrev  0x00000000000016b6      0x1f7 ./common/ThirdParty/FreeRTOS/list.o
 .debug_abbrev  0x00000000000018ad      0x333 ./common/ThirdParty/FreeRTOS/queue.o
 .debug_abbrev  0x0000000000001be0      0x3a9 ./common/ThirdParty/FreeRTOS/tasks.o
 .debug_abbrev  0x0000000000001f89      0x2fd ./common/ThirdParty/FreeRTOS/timers.o
 .debug_abbrev  0x0000000000002286      0x231 ./common/ThirdParty/FreeRTOS/portable/GCC/ARM_CM4F/port.o
 .debug_abbrev  0x00000000000024b7      0x2d3 ./common/ThirdParty/FreeRTOS/portable/MemMang/heap_4.o
 .debug_abbrev  0x000000000000278a       0xc1 ./common/ThirdParty/SEGGER/Config/SEGGER_SYSVIEW_Config_FreeRTOS.o
 .debug_abbrev  0x000000000000284b      0x219 ./common/ThirdParty/SEGGER/OS/SEGGER_SYSVIEW_FreeRTOS.o
 .debug_abbrev  0x0000000000002a64      0x2e1 ./common/ThirdParty/SEGGER/SEGGER/SEGGER_RTT.o
 .debug_abbrev  0x0000000000002d45       0x14 ./common/ThirdParty/SEGGER/SEGGER/SEGGER_RTT_ASM_ARMv7M.o
 .debug_abbrev  0x0000000000002d59      0x38b ./common/ThirdParty/SEGGER/SEGGER/SEGGER_SYSVIEW.o

.debug_aranges  0x0000000000000000     0x12e8
 .debug_aranges
                0x0000000000000000       0x50 ./Core/Src/main.o
 .debug_aranges
                0x0000000000000050       0x20 ./Core/Src/stm32f4xx_hal_msp.o
 .debug_aranges
                0x0000000000000070       0x30 ./Core/Src/stm32f4xx_hal_timebase_tim.o
 .debug_aranges
                0x00000000000000a0       0x50 ./Core/Src/stm32f4xx_it.o
 .debug_aranges
                0x00000000000000f0       0x28 ./Core/Src/system_stm32f4xx.o
 .debug_aranges
                0x0000000000000118       0x28 ./Core/Startup/startup_stm32f429zitx.o
 .debug_aranges
                0x0000000000000140      0x100 ./Drivers/STM32F4xx_HAL_Driver/Src/stm32f4xx_hal.o
 .debug_aranges
                0x0000000000000240      0x118 ./Drivers/STM32F4xx_HAL_Driver/Src/stm32f4xx_hal_cortex.o
 .debug_aranges
                0x0000000000000358       0x58 ./Drivers/STM32F4xx_HAL_Driver/Src/stm32f4xx_hal_gpio.o
 .debug_aranges
                0x00000000000003b0       0x88 ./Drivers/STM32F4xx_HAL_Driver/Src/stm32f4xx_hal_rcc.o
 .debug_aranges
                0x0000000000000438      0x3d0 ./Drivers/STM32F4xx_HAL_Driver/Src/stm32f4xx_hal_tim.o
 .debug_aranges
                0x0000000000000808      0x168 ./Drivers/STM32F4xx_HAL_Driver/Src/stm32f4xx_hal_tim_ex.o
 .debug_aranges
                0x0000000000000970       0x40 ./common/ThirdParty/FreeRTOS/list.o
 .debug_aranges
                0x00000000000009b0      0x130 ./common/ThirdParty/FreeRTOS/queue.o
 .debug_aranges
                0x0000000000000ae0      0x208 ./common/ThirdParty/FreeRTOS/tasks.o
 .debug_aranges
                0x0000000000000ce8       0xd8 ./common/ThirdParty/FreeRTOS/timers.o
 .debug_aranges
                0x0000000000000dc0       0x88 ./common/ThirdParty/FreeRTOS/portable/GCC/ARM_CM4F/port.o
 .debug_aranges
                0x0000000000000e48       0x58 ./common/ThirdParty/FreeRTOS/portable/MemMang/heap_4.o
 .debug_aranges
                0x0000000000000ea0       0x28 ./common/ThirdParty/SEGGER/Config/SEGGER_SYSVIEW_Config_FreeRTOS.o
 .debug_aranges
                0x0000000000000ec8       0x48 ./common/ThirdParty/SEGGER/OS/SEGGER_SYSVIEW_FreeRTOS.o
 .debug_aranges
                0x0000000000000f10      0x138 ./common/ThirdParty/SEGGER/SEGGER/SEGGER_RTT.o
 .debug_aranges
                0x0000000000001048       0x20 ./common/ThirdParty/SEGGER/SEGGER/SEGGER_RTT_ASM_ARMv7M.o
 .debug_aranges
                0x0000000000001068      0x280 ./common/ThirdParty/SEGGER/SEGGER/SEGGER_SYSVIEW.o

.debug_ranges   0x0000000000000000     0x1170
 .debug_ranges  0x0000000000000000       0x40 ./Core/Src/main.o
 .debug_ranges  0x0000000000000040       0x10 ./Core/Src/stm32f4xx_hal_msp.o
 .debug_ranges  0x0000000000000050       0x20 ./Core/Src/stm32f4xx_hal_timebase_tim.o
 .debug_ranges  0x0000000000000070       0x40 ./Core/Src/stm32f4xx_it.o
 .debug_ranges  0x00000000000000b0       0x18 ./Core/Src/system_stm32f4xx.o
 .debug_ranges  0x00000000000000c8       0x20 ./Core/Startup/startup_stm32f429zitx.o
 .debug_ranges  0x00000000000000e8       0xf0 ./Drivers/STM32F4xx_HAL_Driver/Src/stm32f4xx_hal.o
 .debug_ranges  0x00000000000001d8      0x108 ./Drivers/STM32F4xx_HAL_Driver/Src/stm32f4xx_hal_cortex.o
 .debug_ranges  0x00000000000002e0       0x48 ./Drivers/STM32F4xx_HAL_Driver/Src/stm32f4xx_hal_gpio.o
 .debug_ranges  0x0000000000000328       0x78 ./Drivers/STM32F4xx_HAL_Driver/Src/stm32f4xx_hal_rcc.o
 .debug_ranges  0x00000000000003a0      0x3c0 ./Drivers/STM32F4xx_HAL_Driver/Src/stm32f4xx_hal_tim.o
 .debug_ranges  0x0000000000000760      0x158 ./Drivers/STM32F4xx_HAL_Driver/Src/stm32f4xx_hal_tim_ex.o
 .debug_ranges  0x00000000000008b8       0x30 ./common/ThirdParty/FreeRTOS/list.o
 .debug_ranges  0x00000000000008e8      0x120 ./common/ThirdParty/FreeRTOS/queue.o
 .debug_ranges  0x0000000000000a08      0x1f8 ./common/ThirdParty/FreeRTOS/tasks.o
 .debug_ranges  0x0000000000000c00       0xc8 ./common/ThirdParty/FreeRTOS/timers.o
 .debug_ranges  0x0000000000000cc8       0x78 ./common/ThirdParty/FreeRTOS/portable/GCC/ARM_CM4F/port.o
 .debug_ranges  0x0000000000000d40       0x48 ./common/ThirdParty/FreeRTOS/portable/MemMang/heap_4.o
 .debug_ranges  0x0000000000000d88       0x18 ./common/ThirdParty/SEGGER/Config/SEGGER_SYSVIEW_Config_FreeRTOS.o
 .debug_ranges  0x0000000000000da0       0x38 ./common/ThirdParty/SEGGER/OS/SEGGER_SYSVIEW_FreeRTOS.o
 .debug_ranges  0x0000000000000dd8      0x128 ./common/ThirdParty/SEGGER/SEGGER/SEGGER_RTT.o
 .debug_ranges  0x0000000000000f00      0x270 ./common/ThirdParty/SEGGER/SEGGER/SEGGER_SYSVIEW.o

.debug_macro    0x0000000000000000    0x2569b
 .debug_macro   0x0000000000000000      0x2a2 ./Core/Src/main.o
 .debug_macro   0x00000000000002a2      0xaa8 ./Core/Src/main.o
 .debug_macro   0x0000000000000d4a      0x295 ./Core/Src/main.o
 .debug_macro   0x0000000000000fdf       0x2e ./Core/Src/main.o
 .debug_macro   0x000000000000100d       0x28 ./Core/Src/main.o
 .debug_macro   0x0000000000001035       0x22 ./Core/Src/main.o
 .debug_macro   0x0000000000001057       0x8e ./Core/Src/main.o
 .debug_macro   0x00000000000010e5       0x51 ./Core/Src/main.o
 .debug_macro   0x0000000000001136      0x103 ./Core/Src/main.o
 .debug_macro   0x0000000000001239       0x6a ./Core/Src/main.o
 .debug_macro   0x00000000000012a3      0x1df ./Core/Src/main.o
 .debug_macro   0x0000000000001482       0x1c ./Core/Src/main.o
 .debug_macro   0x000000000000149e       0x22 ./Core/Src/main.o
 .debug_macro   0x00000000000014c0       0xdf ./Core/Src/main.o
 .debug_macro   0x000000000000159f     0x102d ./Core/Src/main.o
 .debug_macro   0x00000000000025cc      0x11f ./Core/Src/main.o
 .debug_macro   0x00000000000026eb    0x17f91 ./Core/Src/main.o
 .debug_macro   0x000000000001a67c       0x6d ./Core/Src/main.o
 .debug_macro   0x000000000001a6e9     0x36dd ./Core/Src/main.o
 .debug_macro   0x000000000001ddc6      0x174 ./Core/Src/main.o
 .debug_macro   0x000000000001df3a       0x5c ./Core/Src/main.o
 .debug_macro   0x000000000001df96      0xca5 ./Core/Src/main.o
 .debug_macro   0x000000000001ec3b      0x9fe ./Core/Src/main.o
 .debug_macro   0x000000000001f639      0x116 ./Core/Src/main.o
 .debug_macro   0x000000000001f74f      0x157 ./Core/Src/main.o
 .debug_macro   0x000000000001f8a6       0xa5 ./Core/Src/main.o
 .debug_macro   0x000000000001f94b      0x182 ./Core/Src/main.o
 .debug_macro   0x000000000001facd      0x287 ./Core/Src/main.o
 .debug_macro   0x000000000001fd54       0x5f ./Core/Src/main.o
 .debug_macro   0x000000000001fdb3      0x236 ./Core/Src/main.o
 .debug_macro   0x000000000001ffe9      0x132 ./Core/Src/main.o
 .debug_macro   0x000000000002011b      0x41d ./Core/Src/main.o
 .debug_macro   0x0000000000020538       0x2e ./Core/Src/main.o
 .debug_macro   0x0000000000020566      0x11a ./Core/Src/main.o
 .debug_macro   0x0000000000020680       0xe2 ./Core/Src/main.o
 .debug_macro   0x0000000000020762       0x89 ./Core/Src/main.o
 .debug_macro   0x00000000000207eb      0x8d1 ./Core/Src/main.o
 .debug_macro   0x00000000000210bc       0x47 ./Core/Src/main.o
 .debug_macro   0x0000000000021103      0x134 ./Core/Src/main.o
 .debug_macro   0x0000000000021237      0x4d7 ./Core/Src/main.o
 .debug_macro   0x000000000002170e      0x112 ./Core/Src/main.o
 .debug_macro   0x0000000000021820       0x58 ./Core/Src/main.o
 .debug_macro   0x0000000000021878       0x46 ./Core/Src/main.o
 .debug_macro   0x00000000000218be       0x64 ./Core/Src/main.o
 .debug_macro   0x0000000000021922       0x3a ./Core/Src/main.o
 .debug_macro   0x000000000002195c       0x49 ./Core/Src/main.o
 .debug_macro   0x00000000000219a5       0x92 ./Core/Src/main.o
 .debug_macro   0x0000000000021a37      0x204 ./Core/Src/main.o
 .debug_macro   0x0000000000021c3b      0x450 ./Core/Src/main.o
 .debug_macro   0x000000000002208b      0x15a ./Core/Src/main.o
 .debug_macro   0x00000000000221e5       0xea ./Core/Src/main.o
 .debug_macro   0x00000000000222cf       0x1c ./Core/Src/main.o
 .debug_macro   0x00000000000222eb       0x26 ./Core/Src/main.o
 .debug_macro   0x0000000000022311      0x3d0 ./Core/Src/main.o
 .debug_macro   0x00000000000226e1       0xb5 ./Core/Src/main.o
 .debug_macro   0x0000000000022796      0x120 ./Core/Src/main.o
 .debug_macro   0x00000000000228b6      0x284 ./Core/Src/stm32f4xx_hal_msp.o
 .debug_macro   0x0000000000022b3a      0x1c4 ./Core/Src/stm32f4xx_hal_timebase_tim.o
 .debug_macro   0x0000000000022cfe      0x1dd ./Core/Src/stm32f4xx_it.o
 .debug_macro   0x0000000000022edb      0x1c4 ./Core/Src/system_stm32f4xx.o
 .debug_macro   0x000000000002309f      0x224 ./Drivers/STM32F4xx_HAL_Driver/Src/stm32f4xx_hal.o
 .debug_macro   0x00000000000232c3      0x1c4 ./Drivers/STM32F4xx_HAL_Driver/Src/stm32f4xx_hal_cortex.o
 .debug_macro   0x0000000000023487      0x1ca ./Drivers/STM32F4xx_HAL_Driver/Src/stm32f4xx_hal_gpio.o
 .debug_macro   0x0000000000023651      0x1e8 ./Drivers/STM32F4xx_HAL_Driver/Src/stm32f4xx_hal_rcc.o
 .debug_macro   0x0000000000023839      0x1c5 ./Drivers/STM32F4xx_HAL_Driver/Src/stm32f4xx_hal_tim.o
 .debug_macro   0x00000000000239fe      0x1c4 ./Drivers/STM32F4xx_HAL_Driver/Src/stm32f4xx_hal_tim_ex.o
 .debug_macro   0x0000000000023bc2      0x1f4 ./common/ThirdParty/FreeRTOS/list.o
 .debug_macro   0x0000000000023db6      0x27d ./common/ThirdParty/FreeRTOS/queue.o
 .debug_macro   0x0000000000024033       0x16 ./common/ThirdParty/FreeRTOS/queue.o
 .debug_macro   0x0000000000024049       0x20 ./common/ThirdParty/FreeRTOS/queue.o
 .debug_macro   0x0000000000024069       0x80 ./common/ThirdParty/FreeRTOS/queue.o
 .debug_macro   0x00000000000240e9      0x2e1 ./common/ThirdParty/FreeRTOS/tasks.o
 .debug_macro   0x00000000000243ca       0x10 ./common/ThirdParty/FreeRTOS/tasks.o
 .debug_macro   0x00000000000243da      0x23d ./common/ThirdParty/FreeRTOS/timers.o
 .debug_macro   0x0000000000024617       0x97 ./common/ThirdParty/FreeRTOS/timers.o
 .debug_macro   0x00000000000246ae      0x1f7 ./common/ThirdParty/FreeRTOS/portable/GCC/ARM_CM4F/port.o
 .debug_macro   0x00000000000248a5      0x20f ./common/ThirdParty/FreeRTOS/portable/MemMang/heap_4.o
 .debug_macro   0x0000000000024ab4      0x137 ./common/ThirdParty/SEGGER/Config/SEGGER_SYSVIEW_Config_FreeRTOS.o
 .debug_macro   0x0000000000024beb      0x203 ./common/ThirdParty/SEGGER/OS/SEGGER_SYSVIEW_FreeRTOS.o
 .debug_macro   0x0000000000024dee      0x1bd ./common/ThirdParty/SEGGER/SEGGER/SEGGER_RTT.o
 .debug_macro   0x0000000000024fab       0x34 ./common/ThirdParty/SEGGER/SEGGER/SEGGER_RTT.o
 .debug_macro   0x0000000000024fdf      0x138 ./common/ThirdParty/SEGGER/SEGGER/SEGGER_RTT.o
 .debug_macro   0x0000000000025117      0x212 ./common/ThirdParty/SEGGER/SEGGER/SEGGER_SYSVIEW.o
 .debug_macro   0x0000000000025329      0x204 ./common/ThirdParty/SEGGER/SEGGER/SEGGER_SYSVIEW.o
 .debug_macro   0x000000000002552d      0x16e ./common/ThirdParty/SEGGER/SEGGER/SEGGER_SYSVIEW.o

.debug_line     0x0000000000000000    0x14984
 .debug_line    0x0000000000000000      0xc1a ./Core/Src/main.o
 .debug_line    0x0000000000000c1a      0x91a ./Core/Src/stm32f4xx_hal_msp.o
 .debug_line    0x0000000000001534      0x70e ./Core/Src/stm32f4xx_hal_timebase_tim.o
 .debug_line    0x0000000000001c42      0x74b ./Core/Src/stm32f4xx_it.o
 .debug_line    0x000000000000238d      0x730 ./Core/Src/system_stm32f4xx.o
 .debug_line    0x0000000000002abd       0x88 ./Core/Startup/startup_stm32f429zitx.o
 .debug_line    0x0000000000002b45      0x9cc ./Drivers/STM32F4xx_HAL_Driver/Src/stm32f4xx_hal.o
 .debug_line    0x0000000000003511      0xc45 ./Drivers/STM32F4xx_HAL_Driver/Src/stm32f4xx_hal_cortex.o
 .debug_line    0x0000000000004156      0xb34 ./Drivers/STM32F4xx_HAL_Driver/Src/stm32f4xx_hal_gpio.o
 .debug_line    0x0000000000004c8a      0xd12 ./Drivers/STM32F4xx_HAL_Driver/Src/stm32f4xx_hal_rcc.o
 .debug_line    0x000000000000599c     0x368a ./Drivers/STM32F4xx_HAL_Driver/Src/stm32f4xx_hal_tim.o
 .debug_line    0x0000000000009026     0x1993 ./Drivers/STM32F4xx_HAL_Driver/Src/stm32f4xx_hal_tim_ex.o
 .debug_line    0x000000000000a9b9      0x899 ./common/ThirdParty/FreeRTOS/list.o
 .debug_line    0x000000000000b252     0x1772 ./common/ThirdParty/FreeRTOS/queue.o
 .debug_line    0x000000000000c9c4     0x1ebe ./common/ThirdParty/FreeRTOS/tasks.o
 .debug_line    0x000000000000e882      0xdf5 ./common/ThirdParty/FreeRTOS/timers.o
 .debug_line    0x000000000000f677      0x9c7 ./common/ThirdParty/FreeRTOS/portable/GCC/ARM_CM4F/port.o
 .debug_line    0x000000000001003e      0xae4 ./common/ThirdParty/FreeRTOS/portable/MemMang/heap_4.o
 .debug_line    0x0000000000010b22      0x634 ./common/ThirdParty/SEGGER/Config/SEGGER_SYSVIEW_Config_FreeRTOS.o
 .debug_line    0x0000000000011156      0x92b ./common/ThirdParty/SEGGER/OS/SEGGER_SYSVIEW_FreeRTOS.o
 .debug_line    0x0000000000011a81      0xeb4 ./common/ThirdParty/SEGGER/SEGGER/SEGGER_RTT.o
 .debug_line    0x0000000000012935       0xc3 ./common/ThirdParty/SEGGER/SEGGER/SEGGER_RTT_ASM_ARMv7M.o
 .debug_line    0x00000000000129f8     0x1f8c ./common/ThirdParty/SEGGER/SEGGER/SEGGER_SYSVIEW.o

.debug_str      0x0000000000000000    0xe647b
 .debug_str     0x0000000000000000    0xda7a8 ./Core/Src/main.o
                                      0xdab45 (size before relaxing)
 .debug_str     0x00000000000da7a8       0x2c ./Core/Src/stm32f4xx_hal_msp.o
                                      0xd893c (size before relaxing)
 .debug_str     0x00000000000da7d4      0x5e9 ./Core/Src/stm32f4xx_hal_timebase_tim.o
                                      0xd140e (size before relaxing)
 .debug_str     0x00000000000dadbd       0xa6 ./Core/Src/stm32f4xx_it.o
                                      0xd1c9b (size before relaxing)
 .debug_str     0x00000000000dae63       0xaf ./Core/Src/system_stm32f4xx.o
                                      0xd091d (size before relaxing)
 .debug_str     0x00000000000daf12       0x36 ./Core/Startup/startup_stm32f429zitx.o
                                         0x68 (size before relaxing)
 .debug_str     0x00000000000daf48      0x57d ./Drivers/STM32F4xx_HAL_Driver/Src/stm32f4xx_hal.o
                                      0xd149e (size before relaxing)
 .debug_str     0x00000000000db4c5      0x392 ./Drivers/STM32F4xx_HAL_Driver/Src/stm32f4xx_hal_cortex.o
                                      0xd123f (size before relaxing)
 .debug_str     0x00000000000db857      0x15f ./Drivers/STM32F4xx_HAL_Driver/Src/stm32f4xx_hal_gpio.o
                                      0xd0ac4 (size before relaxing)
 .debug_str     0x00000000000db9b6      0x24f ./Drivers/STM32F4xx_HAL_Driver/Src/stm32f4xx_hal_rcc.o
                                      0xd0d1f (size before relaxing)
 .debug_str     0x00000000000dbc05      0xe4d ./Drivers/STM32F4xx_HAL_Driver/Src/stm32f4xx_hal_tim.o
                                      0xd1c39 (size before relaxing)
 .debug_str     0x00000000000dca52      0x538 ./Drivers/STM32F4xx_HAL_Driver/Src/stm32f4xx_hal_tim_ex.o
                                      0xd13ea (size before relaxing)
 .debug_str     0x00000000000dcf8a     0x33c0 ./common/ThirdParty/FreeRTOS/list.o
                                       0xed1d (size before relaxing)
 .debug_str     0x00000000000e034a     0x106b ./common/ThirdParty/FreeRTOS/queue.o
                                      0x10fe5 (size before relaxing)
 .debug_str     0x00000000000e13b5     0x1d2b ./common/ThirdParty/FreeRTOS/tasks.o
                                      0x11e35 (size before relaxing)
 .debug_str     0x00000000000e30e0      0x540 ./common/ThirdParty/FreeRTOS/timers.o
                                      0x113c5 (size before relaxing)
 .debug_str     0x00000000000e3620      0x81e ./common/ThirdParty/FreeRTOS/portable/GCC/ARM_CM4F/port.o
                                       0xd3ef (size before relaxing)
 .debug_str     0x00000000000e3e3e      0x34a ./common/ThirdParty/FreeRTOS/portable/MemMang/heap_4.o
                                      0x10197 (size before relaxing)
 .debug_str     0x00000000000e4188      0x194 ./common/ThirdParty/SEGGER/Config/SEGGER_SYSVIEW_Config_FreeRTOS.o
                                       0xb29d (size before relaxing)
 .debug_str     0x00000000000e431c      0x118 ./common/ThirdParty/SEGGER/OS/SEGGER_SYSVIEW_FreeRTOS.o
                                       0xfef6 (size before relaxing)
 .debug_str     0x00000000000e4434     0x106a ./common/ThirdParty/SEGGER/SEGGER/SEGGER_RTT.o
                                       0x7c62 (size before relaxing)
 .debug_str     0x00000000000e549e       0x57 ./common/ThirdParty/SEGGER/SEGGER/SEGGER_RTT_ASM_ARMv7M.o
                                         0x97 (size before relaxing)
 .debug_str     0x00000000000e54f5      0xf86 ./common/ThirdParty/SEGGER/SEGGER/SEGGER_SYSVIEW.o
                                       0x9c3b (size before relaxing)

.comment        0x0000000000000000       0x53
 .comment       0x0000000000000000       0x53 ./Core/Src/main.o
                                         0x54 (size before relaxing)
 .comment       0x0000000000000053       0x54 ./Core/Src/stm32f4xx_hal_msp.o
 .comment       0x0000000000000053       0x54 ./Core/Src/stm32f4xx_hal_timebase_tim.o
 .comment       0x0000000000000053       0x54 ./Core/Src/stm32f4xx_it.o
 .comment       0x0000000000000053       0x54 ./Core/Src/system_stm32f4xx.o
 .comment       0x0000000000000053       0x54 ./Drivers/STM32F4xx_HAL_Driver/Src/stm32f4xx_hal.o
 .comment       0x0000000000000053       0x54 ./Drivers/STM32F4xx_HAL_Driver/Src/stm32f4xx_hal_cortex.o
 .comment       0x0000000000000053       0x54 ./Drivers/STM32F4xx_HAL_Driver/Src/stm32f4xx_hal_gpio.o
 .comment       0x0000000000000053       0x54 ./Drivers/STM32F4xx_HAL_Driver/Src/stm32f4xx_hal_rcc.o
 .comment       0x0000000000000053       0x54 ./Drivers/STM32F4xx_HAL_Driver/Src/stm32f4xx_hal_tim.o
 .comment       0x0000000000000053       0x54 ./Drivers/STM32F4xx_HAL_Driver/Src/stm32f4xx_hal_tim_ex.o
 .comment       0x0000000000000053       0x54 ./common/ThirdParty/FreeRTOS/list.o
 .comment       0x0000000000000053       0x54 ./common/ThirdParty/FreeRTOS/queue.o
 .comment       0x0000000000000053       0x54 ./common/ThirdParty/FreeRTOS/tasks.o
 .comment       0x0000000000000053       0x54 ./common/ThirdParty/FreeRTOS/timers.o
 .comment       0x0000000000000053       0x54 ./common/ThirdParty/FreeRTOS/portable/GCC/ARM_CM4F/port.o
 .comment       0x0000000000000053       0x54 ./common/ThirdParty/FreeRTOS/portable/MemMang/heap_4.o
 .comment       0x0000000000000053       0x54 ./common/ThirdParty/SEGGER/Config/SEGGER_SYSVIEW_Config_FreeRTOS.o
 .comment       0x0000000000000053       0x54 ./common/ThirdParty/SEGGER/OS/SEGGER_SYSVIEW_FreeRTOS.o
 .comment       0x0000000000000053       0x54 ./common/ThirdParty/SEGGER/SEGGER/SEGGER_RTT.o
 .comment       0x0000000000000053       0x54 ./common/ThirdParty/SEGGER/SEGGER/SEGGER_SYSVIEW.o

.debug_frame    0x0000000000000000     0x4f18
 .debug_frame   0x0000000000000000       0xf8 ./Core/Src/main.o
 .debug_frame   0x00000000000000f8       0x34 ./Core/Src/stm32f4xx_hal_msp.o
 .debug_frame   0x000000000000012c       0x74 ./Core/Src/stm32f4xx_hal_timebase_tim.o
 .debug_frame   0x00000000000001a0       0xc4 ./Core/Src/stm32f4xx_it.o
 .debug_frame   0x0000000000000264       0x58 ./Core/Src/system_stm32f4xx.o
 .debug_frame   0x00000000000002bc      0x3b4 ./Drivers/STM32F4xx_HAL_Driver/Src/stm32f4xx_hal.o
 .debug_frame   0x0000000000000670      0x498 ./Drivers/STM32F4xx_HAL_Driver/Src/stm32f4xx_hal_cortex.o
 .debug_frame   0x0000000000000b08      0x14c ./Drivers/STM32F4xx_HAL_Driver/Src/stm32f4xx_hal_gpio.o
 .debug_frame   0x0000000000000c54      0x1f0 ./Drivers/STM32F4xx_HAL_Driver/Src/stm32f4xx_hal_rcc.o
 .debug_frame   0x0000000000000e44     0x11c4 ./Drivers/STM32F4xx_HAL_Driver/Src/stm32f4xx_hal_tim.o
 .debug_frame   0x0000000000002008      0x638 ./Drivers/STM32F4xx_HAL_Driver/Src/stm32f4xx_hal_tim_ex.o
 .debug_frame   0x0000000000002640       0xd8 ./common/ThirdParty/FreeRTOS/list.o
 .debug_frame   0x0000000000002718      0x544 ./common/ThirdParty/FreeRTOS/queue.o
 .debug_frame   0x0000000000002c5c      0x8fc ./common/ThirdParty/FreeRTOS/tasks.o
 .debug_frame   0x0000000000003558      0x38c ./common/ThirdParty/FreeRTOS/timers.o
 .debug_frame   0x00000000000038e4      0x1d0 ./common/ThirdParty/FreeRTOS/portable/GCC/ARM_CM4F/port.o
 .debug_frame   0x0000000000003ab4      0x12c ./common/ThirdParty/FreeRTOS/portable/MemMang/heap_4.o
 .debug_frame   0x0000000000003be0       0x48 ./common/ThirdParty/SEGGER/Config/SEGGER_SYSVIEW_Config_FreeRTOS.o
 .debug_frame   0x0000000000003c28       0xfc ./common/ThirdParty/SEGGER/OS/SEGGER_SYSVIEW_FreeRTOS.o
 .debug_frame   0x0000000000003d24      0x530 ./common/ThirdParty/SEGGER/SEGGER/SEGGER_RTT.o
 .debug_frame   0x0000000000004254      0xbc4 ./common/ThirdParty/SEGGER/SEGGER/SEGGER_SYSVIEW.o
 .debug_frame   0x0000000000004e18       0x2c c:/st/stm32cubeide_1.7.0/stm32cubeide/plugins/com.st.stm32cube.ide.mcu.externaltools.gnu-tools-for-stm32.9-2020-q2-update.win32_2.0.0.202105311346/tools/bin/../lib/gcc/arm-none-eabi/9.3.1/../../../../arm-none-eabi/lib/thumb/v7e-m+fp/hard\libc_nano.a(lib_a-init.o)