18:07:14 **** Incremental Build of configuration Debug for project 005LED_Task_Notify ****
make -j8 all 
arm-none-eabi-gcc "../Core/Src/stm32f4xx_hal_msp.c" -mcpu=cortex-m4 -std=gnu11 -g3 -DDEBUG -DUSE_HAL_DRIVER -DSTM32F429xx -c -I../Core/Inc -I../Drivers/STM32F4xx_HAL_Driver/Inc -I../Drivers/STM32F4xx_HAL_Driver/Inc/Legacy -I../Drivers/CMSIS/Device/ST/STM32F4xx/Include -I../Drivers/CMSIS/Include -I"D:/My_Workspace/RTOS_Workspace/common/ThirdParty/FreeRTOS/include" -I"D:/My_Workspace/RTOS_Workspace/common/ThirdParty/FreeRTOS/portable/GCC/ARM_CM4F" -I"D:/My_Workspace/RTOS_Workspace/common/ThirdParty/SEGGER/Config" -I"D:/My_Workspace/RTOS_Workspace/common/ThirdParty/SEGGER/OS" -I"D:/My_Workspace/RTOS_Workspace/common/ThirdParty/SEGGER/SEGGER" -O0 -ffunction-sections -fdata-sections -Wall -fstack-usage -MMD -MP -MF"Core/Src/stm32f4xx_hal_msp.d" -MT"Core/Src/stm32f4xx_hal_msp.o" --specs=nano.specs -mfpu=fpv4-sp-d16 -mfloat-abi=hard -mthumb -o "Core/Src/stm32f4xx_hal_msp.o"
arm-none-eabi-gcc -o "005LED_Task_Notify.elf" @"objects.list"   -mcpu=cortex-m4 -T"D:\My_Workspace\RTOS_Workspace\005LED_Task_Notify\STM32F429ZITX_FLASH.ld" --specs=nosys.specs -Wl,-Map="005LED_Task_Notify.map" -Wl,--gc-sections -static --specs=nano.specs -mfpu=fpv4-sp-d16 -mfloat-abi=hard -mthumb -Wl,--start-group -lc -lm -Wl,--end-group
Finished building target: 005LED_Task_Notify.elf
 
arm-none-eabi-size   005LED_Task_Notify.elf 
arm-none-eabi-objdump -h -S  005LED_Task_Notify.elf  > "005LED_Task_Notify.list"
arm-none-eabi-objcopy  -O binary  005LED_Task_Notify.elf  "005LED_Task_Notify.bin"
   text	   data	    bss	    dec	    hex	filename
  30548	     28	  84636	 115212	  1c20c	005LED_Task_Notify.elf
Finished building: default.size.stdout
 
Finished building: 005LED_Task_Notify.bin
 
Finished building: 005LED_Task_Notify.list
 

18:07:19 Build Finished. 0 errors, 0 warnings. (took 5s.31ms)

