17:09:51 **** Incremental Build of configuration Debug for project freeRTOS_Project ****
make -j8 all 
arm-none-eabi-gcc "../ThirdParty/FreeRTOS/portable/MemMang/heap_4.c" -mcpu=cortex-m4 -std=gnu11 -g3 -DDEBUG -DUSE_HAL_DRIVER -DSTM32F429xx -c -I../Core/Inc -I"D:/My_Workspace/RTOS_Workspace/freeRTOS_Project/ThirdParty/FreeRTOS" -I"D:/My_Workspace/RTOS_Workspace/freeRTOS_Project/ThirdParty/FreeRTOS/include" -I"D:/My_Workspace/RTOS_Workspace/freeRTOS_Project/ThirdParty/FreeRTOS/portable" -I"D:/My_Workspace/RTOS_Workspace/freeRTOS_Project/ThirdParty/FreeRTOS/portable/GCC/ARM_CM4F" -I../Drivers/STM32F4xx_HAL_Driver/Inc -I../Drivers/STM32F4xx_HAL_Driver/Inc/Legacy -I../Drivers/CMSIS/Device/ST/STM32F4xx/Include -I../Drivers/CMSIS/Include -O0 -ffunction-sections -fdata-sections -Wall -fstack-usage -MMD -MP -MF"ThirdParty/FreeRTOS/portable/MemMang/heap_4.d" -MT"ThirdParty/FreeRTOS/portable/MemMang/heap_4.o" --specs=nano.specs -mfpu=fpv4-sp-d16 -mfloat-abi=hard -mthumb -o "ThirdParty/FreeRTOS/portable/MemMang/heap_4.o"
arm-none-eabi-gcc "../ThirdParty/FreeRTOS/portable/GCC/ARM_CM4F/port.c" -mcpu=cortex-m4 -std=gnu11 -g3 -DDEBUG -DUSE_HAL_DRIVER -DSTM32F429xx -c -I../Core/Inc -I"D:/My_Workspace/RTOS_Workspace/freeRTOS_Project/ThirdParty/FreeRTOS" -I"D:/My_Workspace/RTOS_Workspace/freeRTOS_Project/ThirdParty/FreeRTOS/include" -I"D:/My_Workspace/RTOS_Workspace/freeRTOS_Project/ThirdParty/FreeRTOS/portable" -I"D:/My_Workspace/RTOS_Workspace/freeRTOS_Project/ThirdParty/FreeRTOS/portable/GCC/ARM_CM4F" -I../Drivers/STM32F4xx_HAL_Driver/Inc -I../Drivers/STM32F4xx_HAL_Driver/Inc/Legacy -I../Drivers/CMSIS/Device/ST/STM32F4xx/Include -I../Drivers/CMSIS/Include -O0 -ffunction-sections -fdata-sections -Wall -fstack-usage -MMD -MP -MF"ThirdParty/FreeRTOS/portable/GCC/ARM_CM4F/port.d" -MT"ThirdParty/FreeRTOS/portable/GCC/ARM_CM4F/port.o" --specs=nano.specs -mfpu=fpv4-sp-d16 -mfloat-abi=hard -mthumb -o "ThirdParty/FreeRTOS/portable/GCC/ARM_CM4F/port.o"
arm-none-eabi-gcc "../ThirdParty/FreeRTOS/croutine.c" -mcpu=cortex-m4 -std=gnu11 -g3 -DDEBUG -DUSE_HAL_DRIVER -DSTM32F429xx -c -I../Core/Inc -I"D:/My_Workspace/RTOS_Workspace/freeRTOS_Project/ThirdParty/FreeRTOS" -I"D:/My_Workspace/RTOS_Workspace/freeRTOS_Project/ThirdParty/FreeRTOS/include" -I"D:/My_Workspace/RTOS_Workspace/freeRTOS_Project/ThirdParty/FreeRTOS/portable" -I"D:/My_Workspace/RTOS_Workspace/freeRTOS_Project/ThirdParty/FreeRTOS/portable/GCC/ARM_CM4F" -I../Drivers/STM32F4xx_HAL_Driver/Inc -I../Drivers/STM32F4xx_HAL_Driver/Inc/Legacy -I../Drivers/CMSIS/Device/ST/STM32F4xx/Include -I../Drivers/CMSIS/Include -O0 -ffunction-sections -fdata-sections -Wall -fstack-usage -MMD -MP -MF"ThirdParty/FreeRTOS/croutine.d" -MT"ThirdParty/FreeRTOS/croutine.o" --specs=nano.specs -mfpu=fpv4-sp-d16 -mfloat-abi=hard -mthumb -o "ThirdParty/FreeRTOS/croutine.o"
arm-none-eabi-gcc "../ThirdParty/FreeRTOS/event_groups.c" -mcpu=cortex-m4 -std=gnu11 -g3 -DDEBUG -DUSE_HAL_DRIVER -DSTM32F429xx -c -I../Core/Inc -I"D:/My_Workspace/RTOS_Workspace/freeRTOS_Project/ThirdParty/FreeRTOS" -I"D:/My_Workspace/RTOS_Workspace/freeRTOS_Project/ThirdParty/FreeRTOS/include" -I"D:/My_Workspace/RTOS_Workspace/freeRTOS_Project/ThirdParty/FreeRTOS/portable" -I"D:/My_Workspace/RTOS_Workspace/freeRTOS_Project/ThirdParty/FreeRTOS/portable/GCC/ARM_CM4F" -I../Drivers/STM32F4xx_HAL_Driver/Inc -I../Drivers/STM32F4xx_HAL_Driver/Inc/Legacy -I../Drivers/CMSIS/Device/ST/STM32F4xx/Include -I../Drivers/CMSIS/Include -O0 -ffunction-sections -fdata-sections -Wall -fstack-usage -MMD -MP -MF"ThirdParty/FreeRTOS/event_groups.d" -MT"ThirdParty/FreeRTOS/event_groups.o" --specs=nano.specs -mfpu=fpv4-sp-d16 -mfloat-abi=hard -mthumb -o "ThirdParty/FreeRTOS/event_groups.o"
arm-none-eabi-gcc "../ThirdParty/FreeRTOS/list.c" -mcpu=cortex-m4 -std=gnu11 -g3 -DDEBUG -DUSE_HAL_DRIVER -DSTM32F429xx -c -I../Core/Inc -I"D:/My_Workspace/RTOS_Workspace/freeRTOS_Project/ThirdParty/FreeRTOS" -I"D:/My_Workspace/RTOS_Workspace/freeRTOS_Project/ThirdParty/FreeRTOS/include" -I"D:/My_Workspace/RTOS_Workspace/freeRTOS_Project/ThirdParty/FreeRTOS/portable" -I"D:/My_Workspace/RTOS_Workspace/freeRTOS_Project/ThirdParty/FreeRTOS/portable/GCC/ARM_CM4F" -I../Drivers/STM32F4xx_HAL_Driver/Inc -I../Drivers/STM32F4xx_HAL_Driver/Inc/Legacy -I../Drivers/CMSIS/Device/ST/STM32F4xx/Include -I../Drivers/CMSIS/Include -O0 -ffunction-sections -fdata-sections -Wall -fstack-usage -MMD -MP -MF"ThirdParty/FreeRTOS/list.d" -MT"ThirdParty/FreeRTOS/list.o" --specs=nano.specs -mfpu=fpv4-sp-d16 -mfloat-abi=hard -mthumb -o "ThirdParty/FreeRTOS/list.o"
arm-none-eabi-gcc "../ThirdParty/FreeRTOS/queue.c" -mcpu=cortex-m4 -std=gnu11 -g3 -DDEBUG -DUSE_HAL_DRIVER -DSTM32F429xx -c -I../Core/Inc -I"D:/My_Workspace/RTOS_Workspace/freeRTOS_Project/ThirdParty/FreeRTOS" -I"D:/My_Workspace/RTOS_Workspace/freeRTOS_Project/ThirdParty/FreeRTOS/include" -I"D:/My_Workspace/RTOS_Workspace/freeRTOS_Project/ThirdParty/FreeRTOS/portable" -I"D:/My_Workspace/RTOS_Workspace/freeRTOS_Project/ThirdParty/FreeRTOS/portable/GCC/ARM_CM4F" -I../Drivers/STM32F4xx_HAL_Driver/Inc -I../Drivers/STM32F4xx_HAL_Driver/Inc/Legacy -I../Drivers/CMSIS/Device/ST/STM32F4xx/Include -I../Drivers/CMSIS/Include -O0 -ffunction-sections -fdata-sections -Wall -fstack-usage -MMD -MP -MF"ThirdParty/FreeRTOS/queue.d" -MT"ThirdParty/FreeRTOS/queue.o" --specs=nano.specs -mfpu=fpv4-sp-d16 -mfloat-abi=hard -mthumb -o "ThirdParty/FreeRTOS/queue.o"
arm-none-eabi-gcc "../ThirdParty/FreeRTOS/stream_buffer.c" -mcpu=cortex-m4 -std=gnu11 -g3 -DDEBUG -DUSE_HAL_DRIVER -DSTM32F429xx -c -I../Core/Inc -I"D:/My_Workspace/RTOS_Workspace/freeRTOS_Project/ThirdParty/FreeRTOS" -I"D:/My_Workspace/RTOS_Workspace/freeRTOS_Project/ThirdParty/FreeRTOS/include" -I"D:/My_Workspace/RTOS_Workspace/freeRTOS_Project/ThirdParty/FreeRTOS/portable" -I"D:/My_Workspace/RTOS_Workspace/freeRTOS_Project/ThirdParty/FreeRTOS/portable/GCC/ARM_CM4F" -I../Drivers/STM32F4xx_HAL_Driver/Inc -I../Drivers/STM32F4xx_HAL_Driver/Inc/Legacy -I../Drivers/CMSIS/Device/ST/STM32F4xx/Include -I../Drivers/CMSIS/Include -O0 -ffunction-sections -fdata-sections -Wall -fstack-usage -MMD -MP -MF"ThirdParty/FreeRTOS/stream_buffer.d" -MT"ThirdParty/FreeRTOS/stream_buffer.o" --specs=nano.specs -mfpu=fpv4-sp-d16 -mfloat-abi=hard -mthumb -o "ThirdParty/FreeRTOS/stream_buffer.o"
arm-none-eabi-gcc "../ThirdParty/FreeRTOS/tasks.c" -mcpu=cortex-m4 -std=gnu11 -g3 -DDEBUG -DUSE_HAL_DRIVER -DSTM32F429xx -c -I../Core/Inc -I"D:/My_Workspace/RTOS_Workspace/freeRTOS_Project/ThirdParty/FreeRTOS" -I"D:/My_Workspace/RTOS_Workspace/freeRTOS_Project/ThirdParty/FreeRTOS/include" -I"D:/My_Workspace/RTOS_Workspace/freeRTOS_Project/ThirdParty/FreeRTOS/portable" -I"D:/My_Workspace/RTOS_Workspace/freeRTOS_Project/ThirdParty/FreeRTOS/portable/GCC/ARM_CM4F" -I../Drivers/STM32F4xx_HAL_Driver/Inc -I../Drivers/STM32F4xx_HAL_Driver/Inc/Legacy -I../Drivers/CMSIS/Device/ST/STM32F4xx/Include -I../Drivers/CMSIS/Include -O0 -ffunction-sections -fdata-sections -Wall -fstack-usage -MMD -MP -MF"ThirdParty/FreeRTOS/tasks.d" -MT"ThirdParty/FreeRTOS/tasks.o" --specs=nano.specs -mfpu=fpv4-sp-d16 -mfloat-abi=hard -mthumb -o "ThirdParty/FreeRTOS/tasks.o"
arm-none-eabi-gcc "../ThirdParty/FreeRTOS/timers.c" -mcpu=cortex-m4 -std=gnu11 -g3 -DDEBUG -DUSE_HAL_DRIVER -DSTM32F429xx -c -I../Core/Inc -I"D:/My_Workspace/RTOS_Workspace/freeRTOS_Project/ThirdParty/FreeRTOS" -I"D:/My_Workspace/RTOS_Workspace/freeRTOS_Project/ThirdParty/FreeRTOS/include" -I"D:/My_Workspace/RTOS_Workspace/freeRTOS_Project/ThirdParty/FreeRTOS/portable" -I"D:/My_Workspace/RTOS_Workspace/freeRTOS_Project/ThirdParty/FreeRTOS/portable/GCC/ARM_CM4F" -I../Drivers/STM32F4xx_HAL_Driver/Inc -I../Drivers/STM32F4xx_HAL_Driver/Inc/Legacy -I../Drivers/CMSIS/Device/ST/STM32F4xx/Include -I../Drivers/CMSIS/Include -O0 -ffunction-sections -fdata-sections -Wall -fstack-usage -MMD -MP -MF"ThirdParty/FreeRTOS/timers.d" -MT"ThirdParty/FreeRTOS/timers.o" --specs=nano.specs -mfpu=fpv4-sp-d16 -mfloat-abi=hard -mthumb -o "ThirdParty/FreeRTOS/timers.o"
arm-none-eabi-gcc -o "freeRTOS_Project.elf" @"objects.list"   -mcpu=cortex-m4 -T"D:\My_Workspace\RTOS_Workspace\freeRTOS_Project\STM32F429ZITX_FLASH.ld" --specs=nosys.specs -Wl,-Map="freeRTOS_Project.map" -Wl,--gc-sections -static --specs=nano.specs -mfpu=fpv4-sp-d16 -mfloat-abi=hard -mthumb -Wl,--start-group -lc -lm -Wl,--end-group
Finished building target: freeRTOS_Project.elf
 
arm-none-eabi-size   freeRTOS_Project.elf 
arm-none-eabi-objdump -h -S  freeRTOS_Project.elf  > "freeRTOS_Project.list"
arm-none-eabi-objcopy  -O binary  freeRTOS_Project.elf  "freeRTOS_Project.bin"
   text	   data	    bss	    dec	    hex	filename
   9496	     20	   1780	  11296	   2c20	freeRTOS_Project.elf
Finished building: default.size.stdout
 
Finished building: freeRTOS_Project.list
 
Finished building: freeRTOS_Project.bin
 

17:09:53 Build Finished. 0 errors, 0 warnings. (took 1s.933ms)

